Component: ARM Compiler 5.06 update 4 (build 422) Tool: armlink [4d35d2]

==============================================================================

Section Cross References

    main.o(i.SetNextClockItem) refers to mdr_systimer.o(i.MDR_SysTimerStop) for MDR_SysTimerStop
    main.o(i.SetNextClockItem) refers to mdrb_leds.o(i.MDRB_LED_Set) for MDRB_LED_Set
    main.o(i.SetNextClockItem) refers to main.o(i.ShowClearResult) for ShowClearResult
    main.o(i.SetNextClockItem) refers to main.o(i.TrySwitchToClock) for TrySwitchToClock
    main.o(i.SetNextClockItem) refers to main.o(i.TempToHSI) for TempToHSI
    main.o(i.SetNextClockItem) refers to main.o(i.ShowSetItemResult) for ShowSetItemResult
    main.o(i.SetNextClockItem) refers to mdrb_leds.o(i.MDRB_LED_NumToSel) for MDRB_LED_NumToSel
    main.o(i.SetNextClockItem) refers to mdr_rst_clock_ve8x.o(i.MDR_CPU_GetFreqHz) for MDR_CPU_GetFreqHz
    main.o(i.SetNextClockItem) refers to dflt_clz.o(x$fpl$dfltu) for __aeabi_ui2d
    main.o(i.SetNextClockItem) refers to dmul.o(x$fpl$dmul) for __aeabi_dmul
    main.o(i.SetNextClockItem) refers to ddiv.o(x$fpl$ddiv) for __aeabi_ddiv
    main.o(i.SetNextClockItem) refers to dfixu.o(x$fpl$dfixu) for __aeabi_d2uiz
    main.o(i.SetNextClockItem) refers to mdr_systimer.o(i.MDR_SysTimerStart) for MDR_SysTimerStart
    main.o(i.SetNextClockItem) refers to main.o(.data) for activeItemInd
    main.o(i.SetNextClockItem) refers to clockitems.o(.data) for ClockConfigs
    main.o(i.SysTick_Handler) refers to mdrb_leds.o(i.MDRB_LED_Toggle) for MDRB_LED_Toggle
    main.o(i.SysTick_Handler) refers to main.o(.data) for period
    main.o(i.TempToHSI) refers to mdr_rst_clock_ve8x.o(i.MDR_CPU_GetFreqHz) for MDR_CPU_GetFreqHz
    main.o(i.TempToHSI) refers to mdr_rst_clock_ve8x.o(i.MDR_CPU_SetClock_HSI) for MDR_CPU_SetClock_HSI
    main.o(i.TempToHSI) refers to main.o(i.UpdateNewClockToDrivers) for UpdateNewClockToDrivers
    main.o(i.TempToHSI) refers to main.o(.constdata) for .constdata
    main.o(i.TrySwitchToClock) refers to clockitems.o(i.ChangeClockCPU) for ChangeClockCPU
    main.o(i.TrySwitchToClock) refers to main.o(i.UpdateNewClockToDrivers) for UpdateNewClockToDrivers
    main.o(i.UpdateNewClockToDrivers) refers to mdr_rst_clock_ve8x.o(i.MDR_CPU_GetFreqHz) for MDR_CPU_GetFreqHz
    main.o(i.UpdateNewClockToDrivers) refers to dflt_clz.o(x$fpl$dfltu) for __aeabi_ui2d
    main.o(i.UpdateNewClockToDrivers) refers to dmul.o(x$fpl$dmul) for __aeabi_dmul
    main.o(i.UpdateNewClockToDrivers) refers to ddiv.o(x$fpl$ddiv) for __aeabi_ddiv
    main.o(i.UpdateNewClockToDrivers) refers to dfixu.o(x$fpl$dfixu) for __aeabi_d2uiz
    main.o(i.UpdateNewClockToDrivers) refers to mdrb_buttons.o(i.MDRB_Buttons_ChangeDebounceTick) for MDRB_Buttons_ChangeDebounceTick
    main.o(i.main) refers to mdr_funcs.o(i.MDR_Delay) for MDR_Delay
    main.o(i.main) refers to mdr_rst_clock_ve8x.o(i.MDR_CLK_ResetBlock) for MDR_CLK_ResetBlock
    main.o(i.main) refers to mdrb_leds.o(i.MDRB_LED_Init) for MDRB_LED_Init
    main.o(i.main) refers to mdrb_buttons.o(i.MDRB_Buttons_InitTick) for MDRB_Buttons_InitTick
    main.o(i.main) refers to mdrb_leds.o(i.MDRB_LED_Set) for MDRB_LED_Set
    main.o(i.main) refers to main.o(i.SetNextClockItem) for SetNextClockItem
    main.o(i.main) refers to mdrb_buttons.o(i.MDRB_IsKeyClicked) for MDRB_IsKeyClicked
    main.o(i.main) refers to main.o(.constdata) for .constdata
    main.o(i.main) refers to main.o(.data) for changeByTimerEna
    clockitems.o(i.ChangeClockCPU) refers to mdr_rst_clock_ve8x.o(i.MDR_CPU_GetFreqHz) for MDR_CPU_GetFreqHz
    clockitems.o(i.ChangeClockCPU) refers to mdr_rst_clock_ve8x.o(i.MDR_CPU_SetClock_LSI) for MDR_CPU_SetClock_LSI
    clockitems.o(i.ChangeClockCPU) refers to mdr_rst_clock_ve8x.o(i.MDR_CPU_SetClock_LSE) for MDR_CPU_SetClock_LSE
    clockitems.o(i.ChangeClockCPU) refers to mdr_rst_clock_ve8x.o(i.MDR_CPU_SetClock_HSI) for MDR_CPU_SetClock_HSI
    clockitems.o(i.ChangeClockCPU) refers to mdr_rst_clock_ve8x.o(i.MDR_CPU_SetClock_srcHSEx) for MDR_CPU_SetClock_srcHSEx
    clockitems.o(i.ChangeClockCPU) refers to mdr_rst_clock_ve8x.o(i.MDR_CPU_SetClock_PLL_srcHSI) for MDR_CPU_SetClock_PLL_srcHSI
    clockitems.o(i.ChangeClockCPU) refers to mdr_rst_clock_ve8x.o(i.MDR_CPU_SetClock_PLL_srcHSE) for MDR_CPU_SetClock_PLL_srcHSE
    mdrb_buttons.o(i.Buttons_GetState) refers to mdrb_buttons.o(.data) for _KEY_PortUpdate
    mdrb_buttons.o(i.Buttons_GetState) refers to mdrb_buttons.o(.constdata) for _KEY_Pins
    mdrb_buttons.o(i.Buttons_Initialize) refers to mdrb_buttons.o(i.MDRB_Buttons_InitTick) for MDRB_Buttons_InitTick
    mdrb_buttons.o(i.Buttons_Uninitialize) refers to mdr_gpio_ve8x.o(i.MDR_Port_InitAnalog) for MDR_Port_InitAnalog
    mdrb_buttons.o(i.Buttons_Uninitialize) refers to mdr_gpio_ve8x.o(.constdata) for GPIO_E_Port
    mdrb_buttons.o(i.MDRB_Buttons_ChangeDebounceTick) refers to mdrb_buttons.o(.data) for _debounceTicks
[...]
    mdr_rst_clock_ve8x.o(i.MDR_HSEx_WaitReady) refers to mdr_rst_clock_ve8x.o(i._HSEx_GetReady_Local) for _HSEx_GetReady_Local
    mdr_rst_clock_ve8x.o(i.MDR_HSI_EnableAndWaitReady) refers to mdr_rst_clock_ve8x.o(i.BKP_REG63x_ClrSet) for BKP_REG63x_ClrSet
    mdr_rst_clock_ve8x.o(i.MDR_HSI_EnableAndWaitReady) refers to mdr_funcs.o(i.WaitCondition) for WaitCondition
    mdr_rst_clock_ve8x.o(i.MDR_HSI_EnableAndWaitReady) refers to mdr_rst_clock_ve8x.o(i.MDR_HSI_GetReady) for MDR_HSI_GetReady
    mdr_rst_clock_ve8x.o(i.MDR_HSI_GetReady) refers to mdr_rst_clock_ve8x.o(i.BKP_REG63x_Get) for BKP_REG63x_Get
    mdr_rst_clock_ve8x.o(i.MDR_LSE_GetReady) refers to mdr_rst_clock_ve8x.o(i.BKP_REG63x_Get) for BKP_REG63x_Get
    mdr_rst_clock_ve8x.o(i.MDR_LSI_GetReady) refers to mdr_rst_clock_ve8x.o(i.BKP_REG63x_Get) for BKP_REG63x_Get
    mdr_rst_clock_ve8x.o(i.MDR_PLLx_EnableAndWaitReady) refers to mdr_rst_clock_ve8x.o(i.MDR_PLLx_Enable) for MDR_PLLx_Enable
    mdr_rst_clock_ve8x.o(i.MDR_PLLx_EnableAndWaitReady) refers to mdr_rst_clock_ve8x.o(i.MDR_PLLx_WaitReady) for MDR_PLLx_WaitReady
    mdr_rst_clock_ve8x.o(i.MDR_PLLx_WaitReady) refers to mdr_funcs.o(i.WaitCondition) for WaitCondition
    mdr_rst_clock_ve8x.o(i.MDR_PLLx_WaitReady) refers to mdr_rst_clock_ve8x.o(.data) for _PLLx
    mdr_rst_clock_ve8x.o(i.MDR_PLLx_WaitReady) refers to mdr_rst_clock_ve8x.o(i._PLLx_GetReady_Local) for _PLLx_GetReady_Local
    mdr_rst_clock_ve8x.o(i._HSEx_GetReady_Local) refers to mdr_rst_clock_ve8x.o(.data) for _HSEx
    mdr_rst_clock_ve8x.o(i._PLLx_GetReady_Local) refers to mdr_rst_clock_ve8x.o(.data) for _PLLx
    __main.o(!!!main) refers to __rtentry.o(.ARM.Collect$$rtentry$$00000000) for __rt_entry
    ddiv.o(x$fpl$drdiv) refers (Special) to usenofp.o(x$fpl$usenofp) for __I$use$fp
    ddiv.o(x$fpl$drdiv) refers to ddiv.o(x$fpl$ddiv) for ddiv_entry
    ddiv.o(x$fpl$ddiv) refers (Special) to usenofp.o(x$fpl$usenofp) for __I$use$fp
    ddiv.o(x$fpl$ddiv) refers to dretinf.o(x$fpl$dretinf) for __fpl_dretinf
    ddiv.o(x$fpl$ddiv) refers to dnaninf.o(x$fpl$dnaninf) for __fpl_dnaninf
    dfixu.o(x$fpl$dfixu) refers (Special) to usenofp.o(x$fpl$usenofp) for __I$use$fp
    dfixu.o(x$fpl$dfixu) refers to dnaninf.o(x$fpl$dnaninf) for __fpl_dnaninf
    dfixu.o(x$fpl$dfixur) refers (Special) to usenofp.o(x$fpl$usenofp) for __I$use$fp
    dfixu.o(x$fpl$dfixur) refers to dnaninf.o(x$fpl$dnaninf) for __fpl_dnaninf
    dflt_clz.o(x$fpl$dfltu) refers (Special) to usenofp.o(x$fpl$usenofp) for __I$use$fp
    dflt_clz.o(x$fpl$dflt) refers (Special) to usenofp.o(x$fpl$usenofp) for __I$use$fp
    dflt_clz.o(x$fpl$dfltn) refers (Special) to usenofp.o(x$fpl$usenofp) for __I$use$fp
    dmul.o(x$fpl$dmul) refers (Special) to usenofp.o(x$fpl$usenofp) for __I$use$fp
    dmul.o(x$fpl$dmul) refers to dretinf.o(x$fpl$dretinf) for __fpl_dretinf
    dmul.o(x$fpl$dmul) refers to dnaninf.o(x$fpl$dnaninf) for __fpl_dnaninf
    drleqf.o(x$fpl$drleqf) refers (Special) to usenofp.o(x$fpl$usenofp) for __I$use$fp
    drleqf.o(x$fpl$drleqf) refers to dleqf.o(x$fpl$dleqf) for __fpl_dcmple_InfNaN
    __rtentry.o(.ARM.Collect$$rtentry$$00000000) refers (Special) to __rtentry2.o(.ARM.Collect$$rtentry$$0000000A) for __rt_entry_li
    __rtentry.o(.ARM.Collect$$rtentry$$00000000) refers (Special) to __rtentry2.o(.ARM.Collect$$rtentry$$0000000D) for __rt_entry_main
    __rtentry.o(.ARM.Collect$$rtentry$$00000000) refers (Special) to __rtentry2.o(.ARM.Collect$$rtentry$$0000000C) for __rt_entry_postli_1
    __rtentry.o(.ARM.Collect$$rtentry$$00000000) refers (Special) to __rtentry2.o(.ARM.Collect$$rtentry$$00000009) for __rt_entry_postsh_1
    __rtentry.o(.ARM.Collect$$rtentry$$00000000) refers (Special) to __rtentry2.o(.ARM.Collect$$rtentry$$00000002) for __rt_entry_presh_1
    __rtentry.o(.ARM.Collect$$rtentry$$00000000) refers (Special) to __rtentry4.o(.ARM.Collect$$rtentry$$00000004) for __rt_entry_sh
    dleqf.o(x$fpl$dleqf) refers (Special) to usenofp.o(x$fpl$usenofp) for __I$use$fp
    dleqf.o(x$fpl$dleqf) refers to dnaninf.o(x$fpl$dnaninf) for __fpl_dnaninf
    dleqf.o(x$fpl$dleqf) refers to dcmpi.o(x$fpl$dcmpinf) for __fpl_dcmp_Inf
    dnaninf.o(x$fpl$dnaninf) refers (Special) to usenofp.o(x$fpl$usenofp) for __I$use$fp
    dretinf.o(x$fpl$dretinf) refers (Special) to usenofp.o(x$fpl$usenofp) for __I$use$fp
    __rtentry2.o(.ARM.Collect$$rtentry$$00000008) refers to boardinit2.o(.text) for _platform_post_stackheap_init
    __rtentry2.o(.ARM.Collect$$rtentry$$0000000A) refers to libinit.o(.ARM.Collect$$libinit$$00000000) for __rt_lib_init
    __rtentry2.o(.ARM.Collect$$rtentry$$0000000B) refers to boardinit3.o(.text) for _platform_post_lib_init
    __rtentry2.o(.ARM.Collect$$rtentry$$0000000D) refers to main.o(i.main) for main
    __rtentry2.o(.ARM.Collect$$rtentry$$0000000D) refers to exit.o(.text) for exit
    __rtentry2.o(.ARM.exidx) refers to __rtentry2.o(.ARM.Collect$$rtentry$$00000001) for .ARM.Collect$$rtentry$$00000001
    __rtentry2.o(.ARM.exidx) refers to __rtentry2.o(.ARM.Collect$$rtentry$$00000008) for .ARM.Collect$$rtentry$$00000008
    __rtentry2.o(.ARM.exidx) refers to __rtentry2.o(.ARM.Collect$$rtentry$$0000000A) for .ARM.Collect$$rtentry$$0000000A
    __rtentry2.o(.ARM.exidx) refers to __rtentry2.o(.ARM.Collect$$rtentry$$0000000B) for .ARM.Collect$$rtentry$$0000000B
    __rtentry2.o(.ARM.exidx) refers to __rtentry2.o(.ARM.Collect$$rtentry$$0000000D) for .ARM.Collect$$rtentry$$0000000D
    __rtentry4.o(.ARM.Collect$$rtentry$$00000004) refers to sys_stackheap_outer.o(.text) for __user_setup_stackheap
    __rtentry4.o(.ARM.exidx) refers to __rtentry4.o(.ARM.Collect$$rtentry$$00000004) for .ARM.Collect$$rtentry$$00000004
    dcmpi.o(x$fpl$dcmpinf) refers (Special) to usenofp.o(x$fpl$usenofp) for __I$use$fp
    sys_stackheap_outer.o(.text) refers to libspace.o(.text) for __user_perproc_libspace
    sys_stackheap_outer.o(.text) refers to startup_mdr1986ve8.o(.text) for __user_initial_stackheap
    exit.o(.text) refers to rtexit.o(.ARM.Collect$$rtexit$$00000000) for __rt_exit
    libinit.o(.ARM.Collect$$libinit$$00000000) refers (Special) to libinit2.o(.ARM.Collect$$libinit$$0000002E) for __rt_lib_init_alloca_1
    libinit.o(.ARM.Collect$$libinit$$00000000) refers (Special) to libinit2.o(.ARM.Collect$$libinit$$0000002C) for __rt_lib_init_argv_1
    libinit.o(.ARM.Collect$$libinit$$00000000) refers (Special) to libinit2.o(.ARM.Collect$$libinit$$0000001B) for __rt_lib_init_atexit_1
    libinit.o(.ARM.Collect$$libinit$$00000000) refers (Special) to libinit2.o(.ARM.Collect$$libinit$$00000021) for __rt_lib_init_clock_1
    libinit.o(.ARM.Collect$$libinit$$00000000) refers (Special) to libinit2.o(.ARM.Collect$$libinit$$00000032) for __rt_lib_init_cpp_1
    libinit.o(.ARM.Collect$$libinit$$00000000) refers (Special) to libinit2.o(.ARM.Collect$$libinit$$00000030) for __rt_lib_init_exceptions_1
    libinit.o(.ARM.Collect$$libinit$$00000000) refers (Special) to libinit2.o(.ARM.Collect$$libinit$$00000001) for __rt_lib_init_fp_1
    libinit.o(.ARM.Collect$$libinit$$00000000) refers (Special) to libinit2.o(.ARM.Collect$$libinit$$0000001F) for __rt_lib_init_fp_trap_1
    libinit.o(.ARM.Collect$$libinit$$00000000) refers (Special) to libinit2.o(.ARM.Collect$$libinit$$00000023) for __rt_lib_init_getenv_1
    libinit.o(.ARM.Collect$$libinit$$00000000) refers (Special) to libinit2.o(.ARM.Collect$$libinit$$0000000A) for __rt_lib_init_heap_1
    libinit.o(.ARM.Collect$$libinit$$00000000) refers (Special) to libinit2.o(.ARM.Collect$$libinit$$00000011) for __rt_lib_init_lc_collate_1
    libinit.o(.ARM.Collect$$libinit$$00000000) refers (Special) to libinit2.o(.ARM.Collect$$libinit$$00000013) for __rt_lib_init_lc_ctype_1
    libinit.o(.ARM.Collect$$libinit$$00000000) refers (Special) to libinit2.o(.ARM.Collect$$libinit$$00000015) for __rt_lib_init_lc_monetary_1
    libinit.o(.ARM.Collect$$libinit$$00000000) refers (Special) to libinit2.o(.ARM.Collect$$libinit$$00000017) for __rt_lib_init_lc_numeric_1
    libinit.o(.ARM.Collect$$libinit$$00000000) refers (Special) to libinit2.o(.ARM.Collect$$libinit$$00000019) for __rt_lib_init_lc_time_1
    libinit.o(.ARM.Collect$$libinit$$00000000) refers (Special) to libinit2.o(.ARM.Collect$$libinit$$00000004) for __rt_lib_init_preinit_1
    libinit.o(.ARM.Collect$$libinit$$00000000) refers (Special) to libinit2.o(.ARM.Collect$$libinit$$0000000E) for __rt_lib_init_rand_1
    libinit.o(.ARM.Collect$$libinit$$00000000) refers (Special) to libinit2.o(.ARM.Collect$$libinit$$00000033) for __rt_lib_init_return
    libinit.o(.ARM.Collect$$libinit$$00000000) refers (Special) to libinit2.o(.ARM.Collect$$libinit$$0000001D) for __rt_lib_init_signal_1
    libinit.o(.ARM.Collect$$libinit$$00000000) refers (Special) to libinit2.o(.ARM.Collect$$libinit$$00000025) for __rt_lib_init_stdio_1
    libinit.o(.ARM.Collect$$libinit$$00000000) refers (Special) to libinit2.o(.ARM.Collect$$libinit$$0000000C) for __rt_lib_init_user_alloc_1
    libspace.o(.text) refers to libspace.o(.bss) for __libspace_start
    rtexit.o(.ARM.Collect$$rtexit$$00000000) refers (Special) to rtexit2.o(.ARM.Collect$$rtexit$$00000004) for __rt_exit_exit
    rtexit.o(.ARM.Collect$$rtexit$$00000000) refers (Special) to rtexit2.o(.ARM.Collect$$rtexit$$00000003) for __rt_exit_ls
    rtexit.o(.ARM.Collect$$rtexit$$00000000) refers (Special) to rtexit2.o(.ARM.Collect$$rtexit$$00000002) for __rt_exit_prels_1
    rtexit.o(.ARM.exidx) refers (Special) to rtexit2.o(.ARM.Collect$$rtexit$$00000004) for __rt_exit_exit
    rtexit.o(.ARM.exidx) refers (Special) to rtexit2.o(.ARM.Collect$$rtexit$$00000003) for __rt_exit_ls
    rtexit.o(.ARM.exidx) refers (Special) to rtexit2.o(.ARM.Collect$$rtexit$$00000002) for __rt_exit_prels_1
    rtexit.o(.ARM.exidx) refers to rtexit.o(.ARM.Collect$$rtexit$$00000000) for .ARM.Collect$$rtexit$$00000000
    libinit2.o(.ARM.Collect$$libinit$$00000001) refers to fpinit.o(x$fpl$fpinit) for _fp_init
    libinit2.o(.ARM.Collect$$libinit$$00000010) refers to libinit2.o(.ARM.Collect$$libinit$$0000000F) for .ARM.Collect$$libinit$$0000000F
    libinit2.o(.ARM.Collect$$libinit$$00000012) refers to libinit2.o(.ARM.Collect$$libinit$$0000000F) for .ARM.Collect$$libinit$$0000000F
    libinit2.o(.ARM.Collect$$libinit$$00000014) refers to libinit2.o(.ARM.Collect$$libinit$$0000000F) for .ARM.Collect$$libinit$$0000000F
    libinit2.o(.ARM.Collect$$libinit$$00000016) refers to libinit2.o(.ARM.Collect$$libinit$$0000000F) for .ARM.Collect$$libinit$$0000000F
    libinit2.o(.ARM.Collect$$libinit$$00000018) refers to libinit2.o(.ARM.Collect$$libinit$$0000000F) for .ARM.Collect$$libinit$$0000000F
    libinit2.o(.ARM.Collect$$libinit$$00000026) refers to argv_veneer.o(.emb_text) for __ARM_argv_veneer
    libinit2.o(.ARM.Collect$$libinit$$00000027) refers to argv_veneer.o(.emb_text) for __ARM_argv_veneer
    rtexit2.o(.ARM.Collect$$rtexit$$00000003) refers to libshutdown.o(.ARM.Collect$$libshutdown$$00000000) for __rt_lib_shutdown
    rtexit2.o(.ARM.Collect$$rtexit$$00000004) refers to sys_exit.o(.text) for _sys_exit
    rtexit2.o(.ARM.exidx) refers to rtexit2.o(.ARM.Collect$$rtexit$$00000001) for .ARM.Collect$$rtexit$$00000001
    rtexit2.o(.ARM.exidx) refers to rtexit2.o(.ARM.Collect$$rtexit$$00000003) for .ARM.Collect$$rtexit$$00000003
    rtexit2.o(.ARM.exidx) refers to rtexit2.o(.ARM.Collect$$rtexit$$00000004) for .ARM.Collect$$rtexit$$00000004
    argv_veneer.o(.emb_text) refers to no_argv.o(.text) for __ARM_get_argv
    sys_exit.o(.text) refers (Special) to use_no_semi.o(.text) for __I$use$semihosting
    sys_exit.o(.text) refers (Special) to indicate_semi.o(.text) for __semihosting_library_function
    _get_argv_nomalloc.o(.text) refers (Special) to hrguard.o(.text) for __heap_region$guard
    _get_argv_nomalloc.o(.text) refers to defsig_rtmem_outer.o(.text) for __rt_SIGRTMEM
    _get_argv_nomalloc.o(.text) refers to sys_command.o(.text) for _sys_command_string
    libshutdown.o(.ARM.Collect$$libshutdown$$00000000) refers (Special) to libshutdown2.o(.ARM.Collect$$libshutdown$$00000002) for __rt_lib_shutdown_cpp_1
    libshutdown.o(.ARM.Collect$$libshutdown$$00000000) refers (Special) to libshutdown2.o(.ARM.Collect$$libshutdown$$00000007) for __rt_lib_shutdown_fp_trap_1
    libshutdown.o(.ARM.Collect$$libshutdown$$00000000) refers (Special) to libshutdown2.o(.ARM.Collect$$libshutdown$$0000000F) for __rt_lib_shutdown_heap_1
    libshutdown.o(.ARM.Collect$$libshutdown$$00000000) refers (Special) to libshutdown2.o(.ARM.Collect$$libshutdown$$00000010) for __rt_lib_shutdown_return
    libshutdown.o(.ARM.Collect$$libshutdown$$00000000) refers (Special) to libshutdown2.o(.ARM.Collect$$libshutdown$$0000000A) for __rt_lib_shutdown_signal_1
    libshutdown.o(.ARM.Collect$$libshutdown$$00000000) refers (Special) to libshutdown2.o(.ARM.Collect$$libshutdown$$00000004) for __rt_lib_shutdown_stdio_1
    libshutdown.o(.ARM.Collect$$libshutdown$$00000000) refers (Special) to libshutdown2.o(.ARM.Collect$$libshutdown$$0000000C) for __rt_lib_shutdown_user_alloc_1
    sys_command.o(.text) refers (Special) to use_no_semi.o(.text) for __I$use$semihosting
    sys_command.o(.text) refers (Special) to indicate_semi.o(.text) for __semihosting_library_function
    defsig_rtmem_outer.o(.text) refers to defsig_rtmem_inner.o(.text) for __rt_SIGRTMEM_inner
    defsig_rtmem_outer.o(.text) refers to defsig_exit.o(.text) for __sig_exit
    defsig_rtmem_formal.o(.text) refers to rt_raise.o(.text) for __rt_raise
    rt_raise.o(.text) refers to __raise.o(.text) for __raise
    rt_raise.o(.text) refers to sys_exit.o(.text) for _sys_exit
    defsig_exit.o(.text) refers to sys_exit.o(.text) for _sys_exit
    defsig_rtmem_inner.o(.text) refers to defsig_general.o(.text) for __default_signal_display
    __raise.o(.text) refers to defsig.o(CL$$defsig) for __default_signal_handler
    defsig_general.o(.text) refers to sys_wrch.o(.text) for _ttywrch
    sys_wrch.o(.text) refers (Special) to use_no_semi.o(.text) for __I$use$semihosting
    sys_wrch.o(.text) refers (Special) to indicate_semi.o(.text) for __semihosting_library_function
    defsig.o(CL$$defsig) refers to defsig_rtmem_inner.o(.text) for __rt_SIGRTMEM_inner
    defsig_abrt_inner.o(.text) refers to defsig_general.o(.text) for __default_signal_display
    defsig_fpe_inner.o(.text) refers to defsig_general.o(.text) for __default_signal_display
    defsig_rtred_inner.o(.text) refers to defsig_general.o(.text) for __default_signal_display
    defsig_stak_inner.o(.text) refers to defsig_general.o(.text) for __default_signal_display
    defsig_pvfn_inner.o(.text) refers to defsig_general.o(.text) for __default_signal_display
    defsig_cppl_inner.o(.text) refers to defsig_general.o(.text) for __default_signal_display
    defsig_segv_inner.o(.text) refers to defsig_general.o(.text) for __default_signal_display
    defsig_other.o(.text) refers to defsig_general.o(.text) for __default_signal_display


==============================================================================

Removing Unused input sections from the image.

    Removing main.o(.rev16_text), (4 bytes).
    Removing main.o(.revsh_text), (4 bytes).
    Removing main.o(.rrx_text), (6 bytes).
    Removing clockitems.o(.rev16_text), (4 bytes).
    Removing clockitems.o(.revsh_text), (4 bytes).
    Removing clockitems.o(.rrx_text), (6 bytes).
    Removing mdrb_buttons.o(.rev16_text), (4 bytes).
    Removing mdrb_buttons.o(.revsh_text), (4 bytes).
    Removing mdrb_buttons.o(.rrx_text), (6 bytes).
    Removing mdrb_buttons.o(i.Buttons_GetCount), (4 bytes).
    Removing mdrb_buttons.o(i.Buttons_GetState), (84 bytes).
    Removing mdrb_buttons.o(i.Buttons_Initialize), (12 bytes).
    Removing mdrb_buttons.o(i.Buttons_Uninitialize), (24 bytes).
    Removing mdrb_leds.o(.rev16_text), (4 bytes).
    Removing mdrb_leds.o(.revsh_text), (4 bytes).
    Removing mdrb_leds.o(.rrx_text), (6 bytes).
    Removing mdrb_leds.o(i.LED_GetCount), (4 bytes).
    Removing mdrb_leds.o(i.LED_Initialize), (14 bytes).
    Removing mdrb_leds.o(i.LED_Off), (32 bytes).
    Removing mdrb_leds.o(i.LED_On), (32 bytes).
    Removing mdrb_leds.o(i.LED_SetOut), (84 bytes).
    Removing mdrb_leds.o(i.LED_Uninitialize), (24 bytes).
    Removing system_mdr1986ve8.o(.rev16_text), (4 bytes).
    Removing system_mdr1986ve8.o(.revsh_text), (4 bytes).
    Removing system_mdr1986ve8.o(.rrx_text), (6 bytes).
    Removing mdr_funcs.o(i.MDR_ToPseudoRand), (62 bytes).
    Removing mdr_funcs.o(i.MDR_WaitFlagClear), (12 bytes).
    Removing mdr_funcs.o(i.MDR_WaitFlagSet), (12 bytes).
    Removing mdr_gpio_ve8x.o(.rev16_text), (4 bytes).
    Removing mdr_gpio_ve8x.o(.revsh_text), (4 bytes).
    Removing mdr_gpio_ve8x.o(.rrx_text), (6 bytes).
    Removing mdr_gpio_ve8x.o(i.MDR_Port_FillClearMask), (150 bytes).
    Removing mdr_gpio_ve8x.o(i.MDR_Port_InitAnalog), (74 bytes).
    Removing mdr_gpio_ve8x.o(i.MDR_Port_InitDigGroupPinCfg), (10 bytes).
    Removing mdr_gpio_ve8x.o(i.MDR_Port_InitDigPin), (62 bytes).
    Removing mdr_gpio_ve8x.o(i.MDR_Port_InitDigPinPort), (26 bytes).
    Removing mdr_gpio_ve8x.o(i.MDR_Port_InitEx), (70 bytes).
    Removing mdr_gpio_ve8x.o(i.MDR_Port_InitPinEx), (24 bytes).
    Removing mdr_gpio_ve8x.o(i.MDR_Port_InitPin_PortIN), (32 bytes).
    Removing mdr_gpio_ve8x.o(i.MDR_Port_InitPin_PortOUT), (36 bytes).
    Removing mdr_gpio_ve8x.o(i.MDR_Port_MaskAdd), (42 bytes).
    Removing mdr_gpio_ve8x.o(i.MDR_Port_MaskAddAnalog), (16 bytes).
    Removing mdr_gpio_ve8x.o(i.MDR_Port_MaskAddPin), (242 bytes).
    Removing mdr_gpio_ve8x.o(i.MDR_Port_MaskApplyEx), (22 bytes).
    Removing mdr_gpio_ve8x.o(i.MDR_Port_MaskClear), (20 bytes).
    Removing mdr_gpio_ve8x.o(i.MDR_Port_ReadRegs), (50 bytes).
    Removing mdr_gpio_ve8x.o(i.MDR_Port_Reset), (30 bytes).
    Removing mdr_systimer.o(.rev16_text), (4 bytes).
    Removing mdr_systimer.o(.revsh_text), (4 bytes).
    Removing mdr_systimer.o(.rrx_text), (6 bytes).
    Removing mdr_systimer.o(i.MDR_SysTimerStart_ms), (100 bytes).
    Removing mdr_rst_clock_ve8x.o(.rev16_text), (4 bytes).
    Removing mdr_rst_clock_ve8x.o(.revsh_text), (4 bytes).
    Removing mdr_rst_clock_ve8x.o(.rrx_text), (6 bytes).
    Removing mdr_rst_clock_ve8x.o(i.MDR_FreqCPU_ToLowSRI), (268 bytes).

55 unused section(s) (total 1786 bytes) removed from the image.

==============================================================================

Image Symbol Table

    Local Symbols

    Symbol Name                              Value     Ov Type        Size  Object(Section)

    ../clib/angel/boardlib.s                 0x00000000   Number         0  boardinit2.o ABSOLUTE
    ../clib/angel/boardlib.s                 0x00000000   Number         0  boardinit1.o ABSOLUTE
    ../clib/angel/boardlib.s                 0x00000000   Number         0  boardinit3.o ABSOLUTE
    ../clib/angel/boardlib.s                 0x00000000   Number         0  boardshut.o ABSOLUTE
    ../clib/angel/dczerorl2.s                0x00000000   Number         0  __dczerorl2.o ABSOLUTE
    ../clib/angel/kernel.s                   0x00000000   Number         0  __rtentry4.o ABSOLUTE
    ../clib/angel/kernel.s                   0x00000000   Number         0  __rtentry2.o ABSOLUTE
    ../clib/angel/kernel.s                   0x00000000   Number         0  rtexit.o ABSOLUTE
    ../clib/angel/kernel.s                   0x00000000   Number         0  rtexit2.o ABSOLUTE
    ../clib/angel/kernel.s                   0x00000000   Number         0  __rtentry.o ABSOLUTE
    ../clib/angel/rt.s                       0x00000000   Number         0  rt_raise.o ABSOLUTE
    ../clib/angel/scatter.s                  0x00000000   Number         0  __scatter.o ABSOLUTE
    ../clib/angel/startup.s                  0x00000000   Number         0  __main.o ABSOLUTE
    ../clib/angel/sys.s                      0x00000000   Number         0  sys_stackheap_outer.o ABSOLUTE
    ../clib/angel/sys.s                      0x00000000   Number         0  libspace.o ABSOLUTE
    ../clib/angel/sys.s                      0x00000000   Number         0  use_no_semi.o ABSOLUTE
    ../clib/angel/sys.s                      0x00000000   Number         0  indicate_semi.o ABSOLUTE
    ../clib/angel/sysapp.c                   0x00000000   Number         0  sys_wrch.o ABSOLUTE
    ../clib/angel/sysapp.c                   0x00000000   Number         0  sys_command.o ABSOLUTE
    ../clib/angel/sysapp.c                   0x00000000   Number         0  sys_exit.o ABSOLUTE
    ../clib/armsys.c                         0x00000000   Number         0  argv_veneer.o ABSOLUTE
    ../clib/armsys.c                         0x00000000   Number         0  argv_veneer.o ABSOLUTE
    ../clib/armsys.c                         0x00000000   Number         0  _get_argv_nomalloc.o ABSOLUTE
    ../clib/armsys.c                         0x00000000   Number         0  no_argv.o ABSOLUTE
    ../clib/heapalloc.c                      0x00000000   Number         0  hrguard.o ABSOLUTE
    ../clib/heapaux.c                        0x00000000   Number         0  heapauxi.o ABSOLUTE
    ../clib/libinit.s                        0x00000000   Number         0  libshutdown2.o ABSOLUTE
    ../clib/libinit.s                        0x00000000   Number         0  libinit.o ABSOLUTE
    ../clib/libinit.s                        0x00000000   Number         0  libinit2.o ABSOLUTE
    ../clib/libinit.s                        0x00000000   Number         0  libshutdown.o ABSOLUTE
    ../clib/signal.c                         0x00000000   Number         0  defsig_rtred_inner.o ABSOLUTE
    ../clib/signal.c                         0x00000000   Number         0  defsig_other.o ABSOLUTE
    ../clib/signal.c                         0x00000000   Number         0  defsig_segv_inner.o ABSOLUTE
    ../clib/signal.c                         0x00000000   Number         0  defsig_cppl_inner.o ABSOLUTE
    ../clib/signal.c                         0x00000000   Number         0  defsig_pvfn_inner.o ABSOLUTE
    ../clib/signal.c                         0x00000000   Number         0  defsig_stak_inner.o ABSOLUTE
    ../clib/signal.c                         0x00000000   Number         0  defsig_fpe_inner.o ABSOLUTE
    ../clib/signal.c                         0x00000000   Number         0  defsig_abrt_inner.o ABSOLUTE
    ../clib/signal.c                         0x00000000   Number         0  defsig_general.o ABSOLUTE
    ../clib/signal.c                         0x00000000   Number         0  __raise.o ABSOLUTE
    ../clib/signal.c                         0x00000000   Number         0  defsig_rtmem_inner.o ABSOLUTE
    ../clib/signal.c                         0x00000000   Number         0  defsig_exit.o ABSOLUTE
    ../clib/signal.c                         0x00000000   Number         0  defsig_rtmem_formal.o ABSOLUTE
    ../clib/signal.c                         0x00000000   Number         0  defsig_rtmem_outer.o ABSOLUTE
    ../clib/signal.s                         0x00000000   Number         0  defsig.o ABSOLUTE
    ../clib/stdlib.c                         0x00000000   Number         0  exit.o ABSOLUTE
    ../fplib/dcmpi.s                         0x00000000   Number         0  dcmpi.o ABSOLUTE
    ../fplib/ddiv.s                          0x00000000   Number         0  ddiv.o ABSOLUTE
    ../fplib/dfixu.s                         0x00000000   Number         0  dfixu.o ABSOLUTE
    ../fplib/dflt.s                          0x00000000   Number         0  dflt_clz.o ABSOLUTE
    ../fplib/dleqf.s                         0x00000000   Number         0  dleqf.o ABSOLUTE
    ../fplib/dmul.s                          0x00000000   Number         0  dmul.o ABSOLUTE
    ../fplib/dnaninf.s                       0x00000000   Number         0  dnaninf.o ABSOLUTE
    ../fplib/dretinf.s                       0x00000000   Number         0  dretinf.o ABSOLUTE
    ../fplib/drleqf.s                        0x00000000   Number         0  drleqf.o ABSOLUTE
    ../fplib/fpinit.s                        0x00000000   Number         0  fpinit.o ABSOLUTE
    ../fplib/usenofp.s                       0x00000000   Number         0  usenofp.o ABSOLUTE
    C:\Keil_v5\ARM\PACK\Milandr\MDR1986VExx\2.0x\SPL\Boards\MDRB_Buttons.c 0x00000000   Number         0  mdrb_buttons.o ABSOLUTE
    C:\Keil_v5\ARM\PACK\Milandr\MDR1986VExx\2.0x\SPL\Boards\MDRB_LEDs.c 0x00000000   Number         0  mdrb_leds.o ABSOLUTE
    C:\Keil_v5\ARM\PACK\Milandr\MDR1986VExx\2.0x\SPL\Drivers\MDR_Funcs.c 0x00000000   Number         0  mdr_funcs.o ABSOLUTE
    C:\Keil_v5\ARM\PACK\Milandr\MDR1986VExx\2.0x\SPL\Drivers\MDR_GPIO_VE8x.c 0x00000000   Number         0  mdr_gpio_ve8x.o ABSOLUTE
    C:\Keil_v5\ARM\PACK\Milandr\MDR1986VExx\2.0x\SPL\Drivers\MDR_RST_Clock_VE8x.c 0x00000000   Number         0  mdr_rst_clock_ve8x.o ABSOLUTE
    C:\Keil_v5\ARM\PACK\Milandr\MDR1986VExx\2.0x\SPL\Drivers\MDR_SysTimer.c 0x00000000   Number         0  mdr_systimer.o ABSOLUTE
    C:\\Keil_v5\\ARM\\PACK\\Milandr\\MDR1986VExx\\2.0x\\SPL\\Boards\\MDRB_Buttons.c 0x00000000   Number         0  mdrb_buttons.o ABSOLUTE
    C:\\Keil_v5\\ARM\\PACK\\Milandr\\MDR1986VExx\\2.0x\\SPL\\Boards\\MDRB_LEDs.c 0x00000000   Number         0  mdrb_leds.o ABSOLUTE
    C:\\Keil_v5\\ARM\\PACK\\Milandr\\MDR1986VExx\\2.0x\\SPL\\Drivers\\MDR_GPIO_VE8x.c 0x00000000   Number         0  mdr_gpio_ve8x.o ABSOLUTE
    C:\\Keil_v5\\ARM\\PACK\\Milandr\\MDR1986VExx\\2.0x\\SPL\\Drivers\\MDR_RST_Clock_VE8x.c 0x00000000   Number         0  mdr_rst_clock_ve8x.o ABSOLUTE
    C:\\Keil_v5\\ARM\\PACK\\Milandr\\MDR1986VExx\\2.0x\\SPL\\Drivers\\MDR_SysTimer.c 0x00000000   Number         0  mdr_systimer.o ABSOLUTE
    ClockItems.c                             0x00000000   Number         0  clockitems.o ABSOLUTE
    ClockItems.c                             0x00000000   Number         0  clockitems.o ABSOLUTE
    RTE\Device\MDR1986VE8\startup_MDR1986VE8.s 0x00000000   Number         0  startup_mdr1986ve8.o ABSOLUTE
    RTE\Device\MDR1986VE8\system_MDR1986VE8.c 0x00000000   Number         0  system_mdr1986ve8.o ABSOLUTE
    RTE\\Device\\MDR1986VE8\\system_MDR1986VE8.c 0x00000000   Number         0  system_mdr1986ve8.o ABSOLUTE
    dc.s                                     0x00000000   Number         0  dc.o ABSOLUTE
    main.c                                   0x00000000   Number         0  main.o ABSOLUTE
    main.c                                   0x00000000   Number         0  main.o ABSOLUTE
    .data                                    0x20000000   Section       52  main.o(.data)
    ClockItems                               0x20000000   Data          17  main.o(.data)
    activeItemInd                            0x20000014   Data           4  main.o(.data)
    ledPinSel                                0x20000018   Data           4  main.o(.data)
    sysTimRescale                            0x2000001c   Data           4  main.o(.data)
    sysTimPeriod                             0x20000020   Data           4  main.o(.data)
    lastSetClockStatus                       0x20000024   Data           1  main.o(.data)
    changeByTimerCnt                         0x20000028   Data           4  main.o(.data)
    changeByTimer                            0x2000002c   Data           1  main.o(.data)
    changeByTimerEna                         0x2000002d   Data           1  main.o(.data)
    period                                   0x20000030   Data           4  main.o(.data)
    .data                                    0x20000034   Section      768  clockitems.o(.data)
    cfgLSI                                   0x20000034   Data           6  clockitems.o(.data)
    cfgLSE                                   0x2000003a   Data           6  clockitems.o(.data)
    cfgHSI                                   0x20000040   Data           6  clockitems.o(.data)
    cfgHSI_2                                 0x20000046   Data           6  clockitems.o(.data)
    cfgHSE                                   0x2000004c   Data           6  clockitems.o(.data)
    cfgHSE_2                                 0x20000052   Data           6  clockitems.o(.data)
    cfgPLL_HSI_40M                           0x20000058   Data          20  clockitems.o(.data)
    cfgPLL_HSI_36M                           0x2000006c   Data          20  clockitems.o(.data)
    cfgPLL_HSI_20M                           0x20000080   Data          20  clockitems.o(.data)
    cfgPLL_HSE_40M                           0x20000094   Data          20  clockitems.o(.data)
    cfgPLL_HSE_36M                           0x200000a8   Data          20  clockitems.o(.data)
    cfgPLL_HSE_20M                           0x200000bc   Data          20  clockitems.o(.data)
    .data                                    0x20000334   Section       20  mdrb_buttons.o(.data)
    _KEY_PortUpdate                          0x20000334   Data           4  mdrb_buttons.o(.data)
    _KEY_Ports                               0x20000338   Data          12  mdrb_buttons.o(.data)
    _debounceTicks                           0x20000344   Data           4  mdrb_buttons.o(.data)
    .data                                    0x20000348   Section        4  system_mdr1986ve8.o(.data)
    .data                                    0x2000034c   Section        8  mdr_rst_clock_ve8x.o(.data)
    _HSEx                                    0x2000034c   Data           4  mdr_rst_clock_ve8x.o(.data)
    _PLLx                                    0x20000350   Data           4  mdr_rst_clock_ve8x.o(.data)
    .bss                                     0x20000354   Section       96  libspace.o(.bss)
    HEAP                                     0x200003b8   Section     4096  startup_mdr1986ve8.o(HEAP)
    Heap_Mem                                 0x200003b8   Data        4096  startup_mdr1986ve8.o(HEAP)
    STACK                                    0x200013b8   Section     4096  startup_mdr1986ve8.o(STACK)
    Stack_Mem                                0x200013b8   Data        4096  startup_mdr1986ve8.o(STACK)
    __initial_sp                             0x200023b8   Data           0  startup_mdr1986ve8.o(STACK)
    RESET                                    0x20006000   Section      556  startup_mdr1986ve8.o(RESET)
    !!!main                                  0x2000622c   Section        8  __main.o(!!!main)
    !!!scatter                               0x20006234   Section       52  __scatter.o(!!!scatter)
    !!dczerorl2                              0x20006268   Section       90  __dczerorl2.o(!!dczerorl2)
    .ARM.Collect$$libinit$$00000000          0x200062c2   Section        2  libinit.o(.ARM.Collect$$libinit$$00000000)
    .ARM.Collect$$libinit$$00000001          0x200062c4   Section        4  libinit2.o(.ARM.Collect$$libinit$$00000001)
    .ARM.Collect$$libinit$$00000004          0x200062c8   Section        0  libinit2.o(.ARM.Collect$$libinit$$00000004)
    .ARM.Collect$$libinit$$0000000A          0x200062c8   Section        0  libinit2.o(.ARM.Collect$$libinit$$0000000A)
    .ARM.Collect$$libinit$$0000000C          0x200062c8   Section        0  libinit2.o(.ARM.Collect$$libinit$$0000000C)
    .ARM.Collect$$libinit$$0000000E          0x200062c8   Section        0  libinit2.o(.ARM.Collect$$libinit$$0000000E)
    .ARM.Collect$$libinit$$00000011          0x200062c8   Section        0  libinit2.o(.ARM.Collect$$libinit$$00000011)
    .ARM.Collect$$libinit$$00000013          0x200062c8   Section        0  libinit2.o(.ARM.Collect$$libinit$$00000013)
    .ARM.Collect$$libinit$$00000015          0x200062c8   Section        0  libinit2.o(.ARM.Collect$$libinit$$00000015)
    .ARM.Collect$$libinit$$00000017          0x200062c8   Section        0  libinit2.o(.ARM.Collect$$libinit$$00000017)
    .ARM.Collect$$libinit$$00000019          0x200062c8   Section        0  libinit2.o(.ARM.Collect$$libinit$$00000019)
    .ARM.Collect$$libinit$$0000001B          0x200062c8   Section        0  libinit2.o(.ARM.Collect$$libinit$$0000001B)
    .ARM.Collect$$libinit$$0000001D          0x200062c8   Section        0  libinit2.o(.ARM.Collect$$libinit$$0000001D)
    .ARM.Collect$$libinit$$0000001F          0x200062c8   Section        0  libinit2.o(.ARM.Collect$$libinit$$0000001F)
    .ARM.Collect$$libinit$$00000021          0x200062c8   Section        0  libinit2.o(.ARM.Collect$$libinit$$00000021)
    .ARM.Collect$$libinit$$00000023          0x200062c8   Section        0  libinit2.o(.ARM.Collect$$libinit$$00000023)
    .ARM.Collect$$libinit$$00000025          0x200062c8   Section        0  libinit2.o(.ARM.Collect$$libinit$$00000025)
    .ARM.Collect$$libinit$$0000002C          0x200062c8   Section        0  libinit2.o(.ARM.Collect$$libinit$$0000002C)
    .ARM.Collect$$libinit$$0000002E          0x200062c8   Section        0  libinit2.o(.ARM.Collect$$libinit$$0000002E)
    .ARM.Collect$$libinit$$00000030          0x200062c8   Section        0  libinit2.o(.ARM.Collect$$libinit$$00000030)
    .ARM.Collect$$libinit$$00000032          0x200062c8   Section        0  libinit2.o(.ARM.Collect$$libinit$$00000032)
    .ARM.Collect$$libinit$$00000033          0x200062c8   Section        2  libinit2.o(.ARM.Collect$$libinit$$00000033)
    .ARM.Collect$$libshutdown$$00000000      0x200062ca   Section        2  libshutdown.o(.ARM.Collect$$libshutdown$$00000000)
    .ARM.Collect$$libshutdown$$00000002      0x200062cc   Section        0  libshutdown2.o(.ARM.Collect$$libshutdown$$00000002)
    .ARM.Collect$$libshutdown$$00000004      0x200062cc   Section        0  libshutdown2.o(.ARM.Collect$$libshutdown$$00000004)
    .ARM.Collect$$libshutdown$$00000007      0x200062cc   Section        0  libshutdown2.o(.ARM.Collect$$libshutdown$$00000007)
    .ARM.Collect$$libshutdown$$0000000A      0x200062cc   Section        0  libshutdown2.o(.ARM.Collect$$libshutdown$$0000000A)
    .ARM.Collect$$libshutdown$$0000000C      0x200062cc   Section        0  libshutdown2.o(.ARM.Collect$$libshutdown$$0000000C)
    .ARM.Collect$$libshutdown$$0000000F      0x200062cc   Section        0  libshutdown2.o(.ARM.Collect$$libshutdown$$0000000F)
    .ARM.Collect$$libshutdown$$00000010      0x200062cc   Section        2  libshutdown2.o(.ARM.Collect$$libshutdown$$00000010)
    .ARM.Collect$$rtentry$$00000000          0x200062ce   Section        0  __rtentry.o(.ARM.Collect$$rtentry$$00000000)
    .ARM.Collect$$rtentry$$00000002          0x200062ce   Section        0  __rtentry2.o(.ARM.Collect$$rtentry$$00000002)
    .ARM.Collect$$rtentry$$00000004          0x200062ce   Section        6  __rtentry4.o(.ARM.Collect$$rtentry$$00000004)
    .ARM.Collect$$rtentry$$00000009          0x200062d4   Section        0  __rtentry2.o(.ARM.Collect$$rtentry$$00000009)
    .ARM.Collect$$rtentry$$0000000A          0x200062d4   Section        4  __rtentry2.o(.ARM.Collect$$rtentry$$0000000A)
    .ARM.Collect$$rtentry$$0000000C          0x200062d8   Section        0  __rtentry2.o(.ARM.Collect$$rtentry$$0000000C)
    .ARM.Collect$$rtentry$$0000000D          0x200062d8   Section        8  __rtentry2.o(.ARM.Collect$$rtentry$$0000000D)
    .ARM.Collect$$rtexit$$00000000           0x200062e0   Section        2  rtexit.o(.ARM.Collect$$rtexit$$00000000)
    .ARM.Collect$$rtexit$$00000002           0x200062e2   Section        0  rtexit2.o(.ARM.Collect$$rtexit$$00000002)
    .ARM.Collect$$rtexit$$00000003           0x200062e2   Section        4  rtexit2.o(.ARM.Collect$$rtexit$$00000003)
    .ARM.Collect$$rtexit$$00000004           0x200062e6   Section        6  rtexit2.o(.ARM.Collect$$rtexit$$00000004)
    .text                                    0x200062ec   Section      228  startup_mdr1986ve8.o(.text)
    $v0                                      0x200062ec   Number         0  startup_mdr1986ve8.o(.text)
    .text                                    0x200063d0   Section        0  heapauxi.o(.text)
    .text                                    0x200063d6   Section       74  sys_stackheap_outer.o(.text)
    .text                                    0x20006420   Section        0  exit.o(.text)
    .text                                    0x20006434   Section        8  libspace.o(.text)
    .text                                    0x2000643c   Section        0  sys_exit.o(.text)
    .text                                    0x20006448   Section        2  use_no_semi.o(.text)
    .text                                    0x2000644a   Section        0  indicate_semi.o(.text)
    i.BKP_REG63x_ClrSet                      0x2000644c   Section        0  mdr_rst_clock_ve8x.o(i.BKP_REG63x_ClrSet)
    BKP_REG63x_ClrSet                        0x2000644d   Thumb Code    58  mdr_rst_clock_ve8x.o(i.BKP_REG63x_ClrSet)
    i.BKP_REG63x_Get                         0x2000648c   Section        0  mdr_rst_clock_ve8x.o(i.BKP_REG63x_Get)
    BKP_REG63x_Get                           0x2000648d   Thumb Code    22  mdr_rst_clock_ve8x.o(i.BKP_REG63x_Get)
    i.BKP_REG63x_Set                         0x200064a8   Section        0  mdr_rst_clock_ve8x.o(i.BKP_REG63x_Set)
    BKP_REG63x_Set                           0x200064a9   Thumb Code    40  mdr_rst_clock_ve8x.o(i.BKP_REG63x_Set)
    i.ChangeClockCPU                         0x200064d4   Section        0  clockitems.o(i.ChangeClockCPU)
    i.IO_ToCfg                               0x20006658   Section        0  mdr_gpio_ve8x.o(i.IO_ToCfg)
    IO_ToCfg                                 0x20006659   Thumb Code    52  mdr_gpio_ve8x.o(i.IO_ToCfg)
    i.MDRB_Buttons_ChangeDebounceTick        0x2000668c   Section        0  mdrb_buttons.o(i.MDRB_Buttons_ChangeDebounceTick)
    i.MDRB_Buttons_InitTick                  0x20006698   Section        0  mdrb_buttons.o(i.MDRB_Buttons_InitTick)
    i.MDRB_IsKeyClicked                      0x200066d8   Section        0  mdrb_buttons.o(i.MDRB_IsKeyClicked)
    i.MDRB_IsKeyPushed                       0x20006700   Section        0  mdrb_buttons.o(i.MDRB_IsKeyPushed)
    i.MDRB_IsKeyPushedEx                     0x20006740   Section        0  mdrb_buttons.o(i.MDRB_IsKeyPushedEx)
    i.MDRB_LED_Init                          0x20006778   Section        0  mdrb_leds.o(i.MDRB_LED_Init)
    i.MDRB_LED_NumToSel                      0x200067b4   Section        0  mdrb_leds.o(i.MDRB_LED_NumToSel)
    i.MDRB_LED_Set                           0x200067d8   Section        0  mdrb_leds.o(i.MDRB_LED_Set)
    i.MDRB_LED_Toggle                        0x200067fc   Section        0  mdrb_leds.o(i.MDRB_LED_Toggle)
    i.MDR_CLK_ApplyFreqSupport_LDO           0x20006810   Section        0  mdr_rst_clock_ve8x.o(i.MDR_CLK_ApplyFreqSupport_LDO)
    i.MDR_CLK_ApplyFreqSupport_OTP           0x200068a8   Section        0  mdr_rst_clock_ve8x.o(i.MDR_CLK_ApplyFreqSupport_OTP)
    i.MDR_CLK_GetMAXCLK                      0x200068ac   Section        0  mdr_rst_clock_ve8x.o(i.MDR_CLK_GetMAXCLK)
    MDR_CLK_GetMAXCLK                        0x200068ad   Thumb Code    22  mdr_rst_clock_ve8x.o(i.MDR_CLK_GetMAXCLK)
    i.MDR_CLK_ResetBlock                     0x200068c4   Section        0  mdr_rst_clock_ve8x.o(i.MDR_CLK_ResetBlock)
    i.MDR_CPU_ApplyFreqSupport               0x20006a08   Section        0  mdr_rst_clock_ve8x.o(i.MDR_CPU_ApplyFreqSupport)
    MDR_CPU_ApplyFreqSupport                 0x20006a09   Thumb Code    18  mdr_rst_clock_ve8x.o(i.MDR_CPU_ApplyFreqSupport)
    i.MDR_CPU_GetFreqHz                      0x20006a1c   Section        0  mdr_rst_clock_ve8x.o(i.MDR_CPU_GetFreqHz)
    i.MDR_CPU_SetClock_HSI                   0x20006a30   Section        0  mdr_rst_clock_ve8x.o(i.MDR_CPU_SetClock_HSI)
    i.MDR_CPU_SetClock_LSE                   0x20006a68   Section        0  mdr_rst_clock_ve8x.o(i.MDR_CPU_SetClock_LSE)
    i.MDR_CPU_SetClock_LSI                   0x20006acc   Section        0  mdr_rst_clock_ve8x.o(i.MDR_CPU_SetClock_LSI)
    i.MDR_CPU_SetClock_PLL_srcHSE            0x20006b0c   Section        0  mdr_rst_clock_ve8x.o(i.MDR_CPU_SetClock_PLL_srcHSE)
    i.MDR_CPU_SetClock_PLL_srcHSI            0x20006b68   Section        0  mdr_rst_clock_ve8x.o(i.MDR_CPU_SetClock_PLL_srcHSI)
    i.MDR_CPU_SetClock_srcHSEx               0x20006bc2   Section        0  mdr_rst_clock_ve8x.o(i.MDR_CPU_SetClock_srcHSEx)
    i.MDR_CPU_SetClock_srcMAXCLK             0x20006c08   Section        0  mdr_rst_clock_ve8x.o(i.MDR_CPU_SetClock_srcMAXCLK)
    i.MDR_Delay                              0x20006c4c   Section        0  mdr_funcs.o(i.MDR_Delay)
    i.MDR_HSEx_EnableAndWaitReady            0x20006c62   Section        0  mdr_rst_clock_ve8x.o(i.MDR_HSEx_EnableAndWaitReady)
    MDR_HSEx_EnableAndWaitReady              0x20006c63   Thumb Code    82  mdr_rst_clock_ve8x.o(i.MDR_HSEx_EnableAndWaitReady)
    i.MDR_HSEx_WaitReady                     0x20006cb4   Section        0  mdr_rst_clock_ve8x.o(i.MDR_HSEx_WaitReady)
    i.MDR_HSI_EnableAndWaitReady             0x20006cd0   Section        0  mdr_rst_clock_ve8x.o(i.MDR_HSI_EnableAndWaitReady)
    MDR_HSI_EnableAndWaitReady               0x20006cd1   Thumb Code    36  mdr_rst_clock_ve8x.o(i.MDR_HSI_EnableAndWaitReady)
    i.MDR_HSI_GetReady                       0x20006cf8   Section        0  mdr_rst_clock_ve8x.o(i.MDR_HSI_GetReady)
    i.MDR_LSE_GetReady                       0x20006d04   Section        0  mdr_rst_clock_ve8x.o(i.MDR_LSE_GetReady)
    i.MDR_LSI_GetReady                       0x20006d10   Section        0  mdr_rst_clock_ve8x.o(i.MDR_LSI_GetReady)
    i.MDR_MaskClrSet                         0x20006d1c   Section        0  mdr_rst_clock_ve8x.o(i.MDR_MaskClrSet)
    MDR_MaskClrSet                           0x20006d1d   Thumb Code    10  mdr_rst_clock_ve8x.o(i.MDR_MaskClrSet)
    i.MDR_PLLx_Enable                        0x20006d28   Section        0  mdr_rst_clock_ve8x.o(i.MDR_PLLx_Enable)
    i.MDR_PLLx_EnableAndWaitReady            0x20006d6c   Section        0  mdr_rst_clock_ve8x.o(i.MDR_PLLx_EnableAndWaitReady)
    MDR_PLLx_EnableAndWaitReady              0x20006d6d   Thumb Code    34  mdr_rst_clock_ve8x.o(i.MDR_PLLx_EnableAndWaitReady)
    i.MDR_PLLx_WaitReady                     0x20006d90   Section        0  mdr_rst_clock_ve8x.o(i.MDR_PLLx_WaitReady)
    i.MDR_Port_ClearPins                     0x20006dac   Section        0  mdrb_leds.o(i.MDR_Port_ClearPins)
    MDR_Port_ClearPins                       0x20006dad   Thumb Code     4  mdrb_leds.o(i.MDR_Port_ClearPins)
    i.MDR_Port_Clear_ClearCfg                0x20006db0   Section        0  mdr_gpio_ve8x.o(i.MDR_Port_Clear_ClearCfg)
    i.MDR_Port_Clear_SetCfg                  0x20006dc2   Section        0  mdr_gpio_ve8x.o(i.MDR_Port_Clear_SetCfg)
    i.MDR_Port_GetMaskClr                    0x20006dde   Section        0  mdrb_buttons.o(i.MDR_Port_GetMaskClr)
    MDR_Port_GetMaskClr                      0x20006ddf   Thumb Code    20  mdrb_buttons.o(i.MDR_Port_GetMaskClr)
    i.MDR_Port_Init                          0x20006df2   Section        0  mdr_gpio_ve8x.o(i.MDR_Port_Init)
    i.MDR_Port_InitDig                       0x20006e1e   Section        0  mdr_gpio_ve8x.o(i.MDR_Port_InitDig)
    i.MDR_Port_InitDigPort                   0x20006e48   Section        0  mdr_gpio_ve8x.o(i.MDR_Port_InitDigPort)
    MDR_Port_InitDigPort                     0x20006e49   Thumb Code    26  mdr_gpio_ve8x.o(i.MDR_Port_InitDigPort)
    i.MDR_Port_Init_PortIN                   0x20006e64   Section        0  mdr_gpio_ve8x.o(i.MDR_Port_Init_PortIN)
    i.MDR_Port_Init_PortOUT                  0x20006e84   Section        0  mdr_gpio_ve8x.o(i.MDR_Port_Init_PortOUT)
    i.MDR_Port_MaskAddCfg                    0x20006ea8   Section        0  mdr_gpio_ve8x.o(i.MDR_Port_MaskAddCfg)
    MDR_Port_MaskAddCfg                      0x20006ea9   Thumb Code   532  mdr_gpio_ve8x.o(i.MDR_Port_MaskAddCfg)
    i.MDR_Port_MaskApply                     0x200070bc   Section        0  mdr_gpio_ve8x.o(i.MDR_Port_MaskApply)
    i.MDR_Port_SetPins                       0x200070d0   Section        0  mdrb_leds.o(i.MDR_Port_SetPins)
    MDR_Port_SetPins                         0x200070d1   Thumb Code     4  mdrb_leds.o(i.MDR_Port_SetPins)
    i.MDR_Port_ToPinCfg                      0x200070d4   Section        0  mdr_gpio_ve8x.o(i.MDR_Port_ToPinCfg)
    i.MDR_Port_WriteRegs                     0x20007102   Section        0  mdr_gpio_ve8x.o(i.MDR_Port_WriteRegs)
    i.MDR_SysTimerStart                      0x20007164   Section        0  mdr_systimer.o(i.MDR_SysTimerStart)
    i.MDR_SysTimerStop                       0x20007176   Section        0  mdr_systimer.o(i.MDR_SysTimerStop)
    i.SetNextClockItem                       0x20007188   Section        0  main.o(i.SetNextClockItem)
    i.ShowClearResult                        0x200072f8   Section        0  main.o(i.ShowClearResult)
    i.ShowSetItemResult                      0x200072fa   Section        0  main.o(i.ShowSetItemResult)
    i.SysTick_Handler                        0x200072fc   Section        0  main.o(i.SysTick_Handler)
    i.SystemCoreClockUpdate                  0x2000736c   Section        0  system_mdr1986ve8.o(i.SystemCoreClockUpdate)
    i.SystemInit                             0x20007414   Section        0  system_mdr1986ve8.o(i.SystemInit)
    i.TempToHSI                              0x20007470   Section        0  main.o(i.TempToHSI)
    i.TrySwitchToClock                       0x200074b4   Section        0  main.o(i.TrySwitchToClock)
    i.UpdateNewClockToDrivers                0x200074cc   Section        0  main.o(i.UpdateNewClockToDrivers)
    i.WaitCondition                          0x2000753c   Section        0  mdr_funcs.o(i.WaitCondition)
    i._HSEx_GetReady_Local                   0x20007558   Section        0  mdr_rst_clock_ve8x.o(i._HSEx_GetReady_Local)
    _HSEx_GetReady_Local                     0x20007559   Thumb Code    14  mdr_rst_clock_ve8x.o(i._HSEx_GetReady_Local)
    i._PLLx_GetReady_Local                   0x2000756c   Section        0  mdr_rst_clock_ve8x.o(i._PLLx_GetReady_Local)
    _PLLx_GetReady_Local                     0x2000756d   Thumb Code    14  mdr_rst_clock_ve8x.o(i._PLLx_GetReady_Local)
    i.main                                   0x20007580   Section        0  main.o(i.main)
    x$fpl$ddiv                               0x20007648   Section      688  ddiv.o(x$fpl$ddiv)
    $v0                                      0x20007648   Number         0  ddiv.o(x$fpl$ddiv)
    ddiv_entry                               0x2000764f   Thumb Code     0  ddiv.o(x$fpl$ddiv)
    x$fpl$dfixu                              0x200078f8   Section       90  dfixu.o(x$fpl$dfixu)
    $v0                                      0x200078f8   Number         0  dfixu.o(x$fpl$dfixu)
    x$fpl$dfltu                              0x20007952   Section       38  dflt_clz.o(x$fpl$dfltu)
    $v0                                      0x20007952   Number         0  dflt_clz.o(x$fpl$dfltu)
    x$fpl$dmul                               0x20007978   Section      340  dmul.o(x$fpl$dmul)
    $v0                                      0x20007978   Number         0  dmul.o(x$fpl$dmul)
    x$fpl$dnaninf                            0x20007acc   Section      156  dnaninf.o(x$fpl$dnaninf)
    $v0                                      0x20007acc   Number         0  dnaninf.o(x$fpl$dnaninf)
    x$fpl$dretinf                            0x20007b68   Section       12  dretinf.o(x$fpl$dretinf)
    $v0                                      0x20007b68   Number         0  dretinf.o(x$fpl$dretinf)
    x$fpl$fpinit                             0x20007b74   Section       10  fpinit.o(x$fpl$fpinit)
    $v0                                      0x20007b74   Number         0  fpinit.o(x$fpl$fpinit)
    x$fpl$usenofp                            0x20007b7e   Section        0  usenofp.o(x$fpl$usenofp)
    .constdata                               0x20007b80   Section       14  main.o(.constdata)
    .constdata                               0x20007b90   Section       12  mdrb_buttons.o(.constdata)
    _KEY_Pins                                0x20007b90   Data          12  mdrb_buttons.o(.constdata)
    .constdata                               0x20007b9c   Section       32  mdrb_leds.o(.constdata)
    _LED_Pins                                0x20007b9c   Data          32  mdrb_leds.o(.constdata)
    .constdata                               0x20007bbc   Section       32  system_mdr1986ve8.o(.constdata)
    _GenFreqsHz                              0x20007bbc   Data          32  system_mdr1986ve8.o(.constdata)
    .constdata                               0x20007bdc   Section       75  mdr_gpio_ve8x.o(.constdata)

    Global Symbols

    Symbol Name                              Value     Ov Type        Size  Object(Section)

    BuildAttributes$$THM_ISAv4$E$P$D$K$B$S$7EM$VFPi3$EXTD16$VFPS$VFMA$PE$A:L22UL41UL21$X:L11$S22US41US21$IEEE1$IW$USESV6$~STKCKD$USESV7$~SHL$OSPACE$ROPI$EBA8$UX$STANDARDLIB$REQ8$PRES8$EABIv2 0x00000000   Number         0  anon$$obj.o ABSOLUTE
    __ARM_use_no_argv                        0x00000000   Number         0  main.o ABSOLUTE
    __ARM_exceptions_init                     - Undefined Weak Reference
    __alloca_initialize                       - Undefined Weak Reference
    __arm_preinit_                            - Undefined Weak Reference
    __cpp_initialize__aeabi_                  - Undefined Weak Reference
    __cxa_finalize                            - Undefined Weak Reference
    __rt_locale                               - Undefined Weak Reference
    __sigvec_lookup                           - Undefined Weak Reference
    _atexit_init                              - Undefined Weak Reference
    _call_atexit_fns                          - Undefined Weak Reference
    _clock_init                               - Undefined Weak Reference
    _fp_trap_init                             - Undefined Weak Reference
    _fp_trap_shutdown                         - Undefined Weak Reference
    _get_lc_collate                           - Undefined Weak Reference
    _get_lc_ctype                             - Undefined Weak Reference
    _get_lc_monetary                          - Undefined Weak Reference
    _get_lc_numeric                           - Undefined Weak Reference
    _get_lc_time                              - Undefined Weak Reference
    _getenv_init                              - Undefined Weak Reference
    _handle_redirection                       - Undefined Weak Reference
    _init_alloc                               - Undefined Weak Reference
    _init_user_alloc                          - Undefined Weak Reference
    _initio                                   - Undefined Weak Reference
    _rand_init                                - Undefined Weak Reference
    _signal_finish                            - Undefined Weak Reference
    _signal_init                              - Undefined Weak Reference
    _terminate_alloc                          - Undefined Weak Reference
    _terminate_user_alloc                     - Undefined Weak Reference
    _terminateio                              - Undefined Weak Reference
    __Vectors_Size                           0x0000022c   Number         0  startup_mdr1986ve8.o ABSOLUTE
    ClockConfigs                             0x200000d0   Data         612  clockitems.o(.data)
    SystemCoreClock                          0x20000348   Data           4  system_mdr1986ve8.o(.data)
    __libspace_start                         0x20000354   Data          96  libspace.o(.bss)
    __temporary_stack_top$libspace           0x200003b4   Data           0  libspace.o(.bss)
    __Vectors                                0x20006000   Data           4  startup_mdr1986ve8.o(RESET)
    __Vectors_End                            0x2000622c   Data           0  startup_mdr1986ve8.o(RESET)
    __main                                   0x2000622d   Thumb Code     8  __main.o(!!!main)
    __scatterload                            0x20006235   Thumb Code     0  __scatter.o(!!!scatter)
    __scatterload_rt2                        0x20006235   Thumb Code    44  __scatter.o(!!!scatter)
    __scatterload_rt2_thumb_only             0x20006235   Thumb Code     0  __scatter.o(!!!scatter)
    __scatterload_null                       0x20006243   Thumb Code     0  __scatter.o(!!!scatter)
    __decompress                             0x20006269   Thumb Code    90  __dczerorl2.o(!!dczerorl2)
    __decompress1                            0x20006269   Thumb Code     0  __dczerorl2.o(!!dczerorl2)
    __rt_lib_init                            0x200062c3   Thumb Code     0  libinit.o(.ARM.Collect$$libinit$$00000000)
    __rt_lib_init_fp_1                       0x200062c5   Thumb Code     0  libinit2.o(.ARM.Collect$$libinit$$00000001)
    __rt_lib_init_alloca_1                   0x200062c9   Thumb Code     0  libinit2.o(.ARM.Collect$$libinit$$0000002E)
    __rt_lib_init_argv_1                     0x200062c9   Thumb Code     0  libinit2.o(.ARM.Collect$$libinit$$0000002C)
    __rt_lib_init_atexit_1                   0x200062c9   Thumb Code     0  libinit2.o(.ARM.Collect$$libinit$$0000001B)
    __rt_lib_init_clock_1                    0x200062c9   Thumb Code     0  libinit2.o(.ARM.Collect$$libinit$$00000021)
    __rt_lib_init_cpp_1                      0x200062c9   Thumb Code     0  libinit2.o(.ARM.Collect$$libinit$$00000032)
    __rt_lib_init_exceptions_1               0x200062c9   Thumb Code     0  libinit2.o(.ARM.Collect$$libinit$$00000030)
    __rt_lib_init_fp_trap_1                  0x200062c9   Thumb Code     0  libinit2.o(.ARM.Collect$$libinit$$0000001F)
    __rt_lib_init_getenv_1                   0x200062c9   Thumb Code     0  libinit2.o(.ARM.Collect$$libinit$$00000023)
    __rt_lib_init_heap_1                     0x200062c9   Thumb Code     0  libinit2.o(.ARM.Collect$$libinit$$0000000A)
    __rt_lib_init_lc_collate_1               0x200062c9   Thumb Code     0  libinit2.o(.ARM.Collect$$libinit$$00000011)
    __rt_lib_init_lc_ctype_1                 0x200062c9   Thumb Code     0  libinit2.o(.ARM.Collect$$libinit$$00000013)
    __rt_lib_init_lc_monetary_1              0x200062c9   Thumb Code     0  libinit2.o(.ARM.Collect$$libinit$$00000015)
    __rt_lib_init_lc_numeric_1               0x200062c9   Thumb Code     0  libinit2.o(.ARM.Collect$$libinit$$00000017)
    __rt_lib_init_lc_time_1                  0x200062c9   Thumb Code     0  libinit2.o(.ARM.Collect$$libinit$$00000019)
    __rt_lib_init_preinit_1                  0x200062c9   Thumb Code     0  libinit2.o(.ARM.Collect$$libinit$$00000004)
    __rt_lib_init_rand_1                     0x200062c9   Thumb Code     0  libinit2.o(.ARM.Collect$$libinit$$0000000E)
    __rt_lib_init_return                     0x200062c9   Thumb Code     0  libinit2.o(.ARM.Collect$$libinit$$00000033)
    __rt_lib_init_signal_1                   0x200062c9   Thumb Code     0  libinit2.o(.ARM.Collect$$libinit$$0000001D)
    __rt_lib_init_stdio_1                    0x200062c9   Thumb Code     0  libinit2.o(.ARM.Collect$$libinit$$00000025)
    __rt_lib_init_user_alloc_1               0x200062c9   Thumb Code     0  libinit2.o(.ARM.Collect$$libinit$$0000000C)
    __rt_lib_shutdown                        0x200062cb   Thumb Code     0  libshutdown.o(.ARM.Collect$$libshutdown$$00000000)
    __rt_lib_shutdown_cpp_1                  0x200062cd   Thumb Code     0  libshutdown2.o(.ARM.Collect$$libshutdown$$00000002)
    __rt_lib_shutdown_fp_trap_1              0x200062cd   Thumb Code     0  libshutdown2.o(.ARM.Collect$$libshutdown$$00000007)
    __rt_lib_shutdown_heap_1                 0x200062cd   Thumb Code     0  libshutdown2.o(.ARM.Collect$$libshutdown$$0000000F)
    __rt_lib_shutdown_return                 0x200062cd   Thumb Code     0  libshutdown2.o(.ARM.Collect$$libshutdown$$00000010)
    __rt_lib_shutdown_signal_1               0x200062cd   Thumb Code     0  libshutdown2.o(.ARM.Collect$$libshutdown$$0000000A)
    __rt_lib_shutdown_stdio_1                0x200062cd   Thumb Code     0  libshutdown2.o(.ARM.Collect$$libshutdown$$00000004)
    __rt_lib_shutdown_user_alloc_1           0x200062cd   Thumb Code     0  libshutdown2.o(.ARM.Collect$$libshutdown$$0000000C)
    __rt_entry                               0x200062cf   Thumb Code     0  __rtentry.o(.ARM.Collect$$rtentry$$00000000)
    __rt_entry_presh_1                       0x200062cf   Thumb Code     0  __rtentry2.o(.ARM.Collect$$rtentry$$00000002)
    __rt_entry_sh                            0x200062cf   Thumb Code     0  __rtentry4.o(.ARM.Collect$$rtentry$$00000004)
    __rt_entry_li                            0x200062d5   Thumb Code     0  __rtentry2.o(.ARM.Collect$$rtentry$$0000000A)
    __rt_entry_postsh_1                      0x200062d5   Thumb Code     0  __rtentry2.o(.ARM.Collect$$rtentry$$00000009)
    __rt_entry_main                          0x200062d9   Thumb Code     0  __rtentry2.o(.ARM.Collect$$rtentry$$0000000D)
    __rt_entry_postli_1                      0x200062d9   Thumb Code     0  __rtentry2.o(.ARM.Collect$$rtentry$$0000000C)
    __rt_exit                                0x200062e1   Thumb Code     0  rtexit.o(.ARM.Collect$$rtexit$$00000000)
    __rt_exit_ls                             0x200062e3   Thumb Code     0  rtexit2.o(.ARM.Collect$$rtexit$$00000003)
    __rt_exit_prels_1                        0x200062e3   Thumb Code     0  rtexit2.o(.ARM.Collect$$rtexit$$00000002)
    __rt_exit_exit                           0x200062e7   Thumb Code     0  rtexit2.o(.ARM.Collect$$rtexit$$00000004)
    Reset_Handler                            0x200062ed   Thumb Code    28  startup_mdr1986ve8.o(.text)
    NMI_Handler                              0x20006309   Thumb Code     2  startup_mdr1986ve8.o(.text)
    HardFault_Handler                        0x2000630b   Thumb Code     2  startup_mdr1986ve8.o(.text)
    MemoryMngFault_Handler                   0x2000630d   Thumb Code     2  startup_mdr1986ve8.o(.text)
    BusFault_Handler                         0x2000630f   Thumb Code     2  startup_mdr1986ve8.o(.text)
    UsageFault_Handler                       0x20006311   Thumb Code     2  startup_mdr1986ve8.o(.text)
    SVC_Handler                              0x20006313   Thumb Code     2  startup_mdr1986ve8.o(.text)
    PendSV_Handler                           0x20006315   Thumb Code     2  startup_mdr1986ve8.o(.text)
    FT_RESET0_4_IRQHandler                   0x20006319   Thumb Code     2  startup_mdr1986ve8.o(.text)
    FT_EVENT0_4_IRQHandler                   0x2000631b   Thumb Code     2  startup_mdr1986ve8.o(.text)
    FT_EVENT5_8_IRQHandler                   0x2000631d   Thumb Code     2  startup_mdr1986ve8.o(.text)
    FT_EVENT9_12_IRQHandler                  0x2000631f   Thumb Code     2  startup_mdr1986ve8.o(.text)
    CLK_IRQHandler                           0x20006321   Thumb Code     2  startup_mdr1986ve8.o(.text)
    POWER_IRQHandler                         0x20006323   Thumb Code     2  startup_mdr1986ve8.o(.text)
    RTC_IRQHandler                           0x20006325   Thumb Code     2  startup_mdr1986ve8.o(.text)
    BKP_IRQHandler                           0x20006327   Thumb Code     2  startup_mdr1986ve8.o(.text)
    EBC_ERROR0_IRQHandler                    0x20006329   Thumb Code     2  startup_mdr1986ve8.o(.text)
    EBC_ERROR1_IRQHandler                    0x2000632b   Thumb Code     2  startup_mdr1986ve8.o(.text)
    EBC_ERROR2_IRQHandler                    0x2000632d   Thumb Code     2  startup_mdr1986ve8.o(.text)
    EBC_ERROR3_IRQHandler                    0x2000632f   Thumb Code     2  startup_mdr1986ve8.o(.text)
    EBC_ERROR4_IRQHandler                    0x20006331   Thumb Code     2  startup_mdr1986ve8.o(.text)
    EBC_ERROR5_IRQHandler                    0x20006333   Thumb Code     2  startup_mdr1986ve8.o(.text)
    EBC_ERROR6_IRQHandler                    0x20006335   Thumb Code     2  startup_mdr1986ve8.o(.text)
    EBC_ERROR7_IRQHandler                    0x20006337   Thumb Code     2  startup_mdr1986ve8.o(.text)
    DMA_ERR_IRQHandler                       0x20006339   Thumb Code     2  startup_mdr1986ve8.o(.text)
    DMA_DONE0_IRQHandler                     0x2000633b   Thumb Code     2  startup_mdr1986ve8.o(.text)
    DMA_DONE1_IRQHandler                     0x2000633d   Thumb Code     2  startup_mdr1986ve8.o(.text)
    DMA_DONE2_IRQHandler                     0x2000633f   Thumb Code     2  startup_mdr1986ve8.o(.text)
    DMA_DONE3_IRQHandler                     0x20006341   Thumb Code     2  startup_mdr1986ve8.o(.text)
    DMA_DONE4_IRQHandler                     0x20006343   Thumb Code     2  startup_mdr1986ve8.o(.text)
    DMA_DONE5_IRQHandler                     0x20006345   Thumb Code     2  startup_mdr1986ve8.o(.text)
    DMA_DONE6_IRQHandler                     0x20006347   Thumb Code     2  startup_mdr1986ve8.o(.text)
    DMA_DONE7_IRQHandler                     0x20006349   Thumb Code     2  startup_mdr1986ve8.o(.text)
    DMA_DONE8_IRQHandler                     0x2000634b   Thumb Code     2  startup_mdr1986ve8.o(.text)
    DMA_DONE9_IRQHandler                     0x2000634d   Thumb Code     2  startup_mdr1986ve8.o(.text)
    DMA_DONE10_IRQHandler                    0x2000634f   Thumb Code     2  startup_mdr1986ve8.o(.text)
    DMA_DONE11_IRQHandler                    0x20006351   Thumb Code     2  startup_mdr1986ve8.o(.text)
    DMA_DONE12_IRQHandler                    0x20006353   Thumb Code     2  startup_mdr1986ve8.o(.text)
    DMA_DONE13_IRQHandler                    0x20006355   Thumb Code     2  startup_mdr1986ve8.o(.text)
    DMA_DONE14_IRQHandler                    0x20006357   Thumb Code     2  startup_mdr1986ve8.o(.text)
    DMA_DONE15_IRQHandler                    0x20006359   Thumb Code     2  startup_mdr1986ve8.o(.text)
    DMA_DONE16_IRQHandler                    0x2000635b   Thumb Code     2  startup_mdr1986ve8.o(.text)
    DMA_DONE17_IRQHandler                    0x2000635d   Thumb Code     2  startup_mdr1986ve8.o(.text)
    DMA_DONE18_IRQHandler                    0x2000635f   Thumb Code     2  startup_mdr1986ve8.o(.text)
    DMA_DONE19_IRQHandler                    0x20006361   Thumb Code     2  startup_mdr1986ve8.o(.text)
    DMA_DONE20_IRQHandler                    0x20006363   Thumb Code     2  startup_mdr1986ve8.o(.text)
    DMA_DONE21_IRQHandler                    0x20006365   Thumb Code     2  startup_mdr1986ve8.o(.text)
    DMA_DONE22_IRQHandler                    0x20006367   Thumb Code     2  startup_mdr1986ve8.o(.text)
    DMA_DONE23_IRQHandler                    0x20006369   Thumb Code     2  startup_mdr1986ve8.o(.text)
    DMA_DONE24_IRQHandler                    0x2000636b   Thumb Code     2  startup_mdr1986ve8.o(.text)
    DMA_DONE25_IRQHandler                    0x2000636d   Thumb Code     2  startup_mdr1986ve8.o(.text)
    DMA_DONE26_IRQHandler                    0x2000636f   Thumb Code     2  startup_mdr1986ve8.o(.text)
    DMA_DONE27_IRQHandler                    0x20006371   Thumb Code     2  startup_mdr1986ve8.o(.text)
    DMA_DONE28_IRQHandler                    0x20006373   Thumb Code     2  startup_mdr1986ve8.o(.text)
    DMA_DONE29_IRQHandler                    0x20006375   Thumb Code     2  startup_mdr1986ve8.o(.text)
    DMA_DONE30_IRQHandler                    0x20006377   Thumb Code     2  startup_mdr1986ve8.o(.text)
    DMA_DONE31_IRQHandler                    0x20006379   Thumb Code     2  startup_mdr1986ve8.o(.text)
    PORTA_IRQHandler                         0x2000637b   Thumb Code     2  startup_mdr1986ve8.o(.text)
    PORTB_IRQHandler                         0x2000637d   Thumb Code     2  startup_mdr1986ve8.o(.text)
    PORTC_IRQHandler                         0x2000637f   Thumb Code     2  startup_mdr1986ve8.o(.text)
    PORTD_IRQHandler                         0x20006381   Thumb Code     2  startup_mdr1986ve8.o(.text)
    PORTE_IRQHandler                         0x20006383   Thumb Code     2  startup_mdr1986ve8.o(.text)
    ETH1_IRQHandler                          0x20006385   Thumb Code     2  startup_mdr1986ve8.o(.text)
    SPW1_IRQHandler                          0x20006387   Thumb Code     2  startup_mdr1986ve8.o(.text)
    TIMER1_IRQHandler                        0x20006389   Thumb Code     2  startup_mdr1986ve8.o(.text)
    TIMER2_IRQHandler                        0x2000638b   Thumb Code     2  startup_mdr1986ve8.o(.text)
    TIMER3_IRQHandler                        0x2000638d   Thumb Code     2  startup_mdr1986ve8.o(.text)
    TIMER4_IRQHandler                        0x2000638f   Thumb Code     2  startup_mdr1986ve8.o(.text)
    CAN1_IRQHandler                          0x20006391   Thumb Code     2  startup_mdr1986ve8.o(.text)
    SSP1_IRQHandler                          0x20006393   Thumb Code     2  startup_mdr1986ve8.o(.text)
    UART1_IRQHandler                         0x20006395   Thumb Code     2  startup_mdr1986ve8.o(.text)
    UART2_IRQHandler                         0x20006397   Thumb Code     2  startup_mdr1986ve8.o(.text)
    ARC1_RX_IRQHandler                       0x20006399   Thumb Code     2  startup_mdr1986ve8.o(.text)
    ARC1_TX_IRQHandler                       0x2000639b   Thumb Code     2  startup_mdr1986ve8.o(.text)
    MIL1_IRQHandler                          0x2000639d   Thumb Code     2  startup_mdr1986ve8.o(.text)
    MIL2_IRQHandler                          0x2000639f   Thumb Code     2  startup_mdr1986ve8.o(.text)
    ADC1_IRQHandler                          0x200063a1   Thumb Code     2  startup_mdr1986ve8.o(.text)
    ADC2_IRQHandler                          0x200063a3   Thumb Code     2  startup_mdr1986ve8.o(.text)
    DAC1_IRQHandler                          0x200063a5   Thumb Code     2  startup_mdr1986ve8.o(.text)
    DAC2_IRQHandler                          0x200063a7   Thumb Code     2  startup_mdr1986ve8.o(.text)
    __user_initial_stackheap                 0x200063a9   Thumb Code     0  startup_mdr1986ve8.o(.text)
    __use_two_region_memory                  0x200063d1   Thumb Code     2  heapauxi.o(.text)
    __rt_heap_escrow$2region                 0x200063d3   Thumb Code     2  heapauxi.o(.text)
    __rt_heap_expand$2region                 0x200063d5   Thumb Code     2  heapauxi.o(.text)
    __user_setup_stackheap                   0x200063d7   Thumb Code    74  sys_stackheap_outer.o(.text)
    exit                                     0x20006421   Thumb Code    18  exit.o(.text)
    __user_libspace                          0x20006435   Thumb Code     8  libspace.o(.text)
    __user_perproc_libspace                  0x20006435   Thumb Code     0  libspace.o(.text)
    __user_perthread_libspace                0x20006435   Thumb Code     0  libspace.o(.text)
    _sys_exit                                0x2000643d   Thumb Code     8  sys_exit.o(.text)
    __I$use$semihosting                      0x20006449   Thumb Code     0  use_no_semi.o(.text)
    __use_no_semihosting_swi                 0x20006449   Thumb Code     2  use_no_semi.o(.text)
    __semihosting_library_function           0x2000644b   Thumb Code     0  indicate_semi.o(.text)
    ChangeClockCPU                           0x200064d5   Thumb Code   382  clockitems.o(i.ChangeClockCPU)
    MDRB_Buttons_ChangeDebounceTick          0x2000668d   Thumb Code     6  mdrb_buttons.o(i.MDRB_Buttons_ChangeDebounceTick)
    MDRB_Buttons_InitTick                    0x20006699   Thumb Code    52  mdrb_buttons.o(i.MDRB_Buttons_InitTick)
    MDRB_IsKeyClicked                        0x200066d9   Thumb Code    38  mdrb_buttons.o(i.MDRB_IsKeyClicked)
    MDRB_IsKeyPushed                         0x20006701   Thumb Code    50  mdrb_buttons.o(i.MDRB_IsKeyPushed)
    MDRB_IsKeyPushedEx                       0x20006741   Thumb Code    56  mdrb_buttons.o(i.MDRB_IsKeyPushedEx)
    MDRB_LED_Init                            0x20006779   Thumb Code    50  mdrb_leds.o(i.MDRB_LED_Init)
    MDRB_LED_NumToSel                        0x200067b5   Thumb Code    32  mdrb_leds.o(i.MDRB_LED_NumToSel)
    MDRB_LED_Set                             0x200067d9   Thumb Code    32  mdrb_leds.o(i.MDRB_LED_Set)
    MDRB_LED_Toggle                          0x200067fd   Thumb Code    14  mdrb_leds.o(i.MDRB_LED_Toggle)
    MDR_CLK_ApplyFreqSupport_LDO             0x20006811   Thumb Code   146  mdr_rst_clock_ve8x.o(i.MDR_CLK_ApplyFreqSupport_LDO)
    MDR_CLK_ApplyFreqSupport_OTP             0x200068a9   Thumb Code     4  mdr_rst_clock_ve8x.o(i.MDR_CLK_ApplyFreqSupport_OTP)
    MDR_CLK_ResetBlock                       0x200068c5   Thumb Code   314  mdr_rst_clock_ve8x.o(i.MDR_CLK_ResetBlock)
    MDR_CPU_GetFreqHz                        0x20006a1d   Thumb Code    16  mdr_rst_clock_ve8x.o(i.MDR_CPU_GetFreqHz)
    MDR_CPU_SetClock_HSI                     0x20006a31   Thumb Code    56  mdr_rst_clock_ve8x.o(i.MDR_CPU_SetClock_HSI)
    MDR_CPU_SetClock_LSE                     0x20006a69   Thumb Code    96  mdr_rst_clock_ve8x.o(i.MDR_CPU_SetClock_LSE)
    MDR_CPU_SetClock_LSI                     0x20006acd   Thumb Code    58  mdr_rst_clock_ve8x.o(i.MDR_CPU_SetClock_LSI)
    MDR_CPU_SetClock_PLL_srcHSE              0x20006b0d   Thumb Code    92  mdr_rst_clock_ve8x.o(i.MDR_CPU_SetClock_PLL_srcHSE)
    MDR_CPU_SetClock_PLL_srcHSI              0x20006b69   Thumb Code    90  mdr_rst_clock_ve8x.o(i.MDR_CPU_SetClock_PLL_srcHSI)
    MDR_CPU_SetClock_srcHSEx                 0x20006bc3   Thumb Code    70  mdr_rst_clock_ve8x.o(i.MDR_CPU_SetClock_srcHSEx)
    MDR_CPU_SetClock_srcMAXCLK               0x20006c09   Thumb Code    68  mdr_rst_clock_ve8x.o(i.MDR_CPU_SetClock_srcMAXCLK)
    MDR_Delay                                0x20006c4d   Thumb Code    22  mdr_funcs.o(i.MDR_Delay)
    MDR_HSEx_WaitReady                       0x20006cb5   Thumb Code    20  mdr_rst_clock_ve8x.o(i.MDR_HSEx_WaitReady)
    MDR_HSI_GetReady                         0x20006cf9   Thumb Code    12  mdr_rst_clock_ve8x.o(i.MDR_HSI_GetReady)
    MDR_LSE_GetReady                         0x20006d05   Thumb Code    12  mdr_rst_clock_ve8x.o(i.MDR_LSE_GetReady)
    MDR_LSI_GetReady                         0x20006d11   Thumb Code    12  mdr_rst_clock_ve8x.o(i.MDR_LSI_GetReady)
    MDR_PLLx_Enable                          0x20006d29   Thumb Code    64  mdr_rst_clock_ve8x.o(i.MDR_PLLx_Enable)
    MDR_PLLx_WaitReady                       0x20006d91   Thumb Code    20  mdr_rst_clock_ve8x.o(i.MDR_PLLx_WaitReady)
    MDR_Port_Clear_ClearCfg                  0x20006db1   Thumb Code    18  mdr_gpio_ve8x.o(i.MDR_Port_Clear_ClearCfg)
    MDR_Port_Clear_SetCfg                    0x20006dc3   Thumb Code    28  mdr_gpio_ve8x.o(i.MDR_Port_Clear_SetCfg)
    MDR_Port_Init                            0x20006df3   Thumb Code    44  mdr_gpio_ve8x.o(i.MDR_Port_Init)
    MDR_Port_InitDig                         0x20006e1f   Thumb Code    42  mdr_gpio_ve8x.o(i.MDR_Port_InitDig)
    MDR_Port_Init_PortIN                     0x20006e65   Thumb Code    26  mdr_gpio_ve8x.o(i.MDR_Port_Init_PortIN)
    MDR_Port_Init_PortOUT                    0x20006e85   Thumb Code    32  mdr_gpio_ve8x.o(i.MDR_Port_Init_PortOUT)
    MDR_Port_MaskApply                       0x200070bd   Thumb Code    20  mdr_gpio_ve8x.o(i.MDR_Port_MaskApply)
    MDR_Port_ToPinCfg                        0x200070d5   Thumb Code    46  mdr_gpio_ve8x.o(i.MDR_Port_ToPinCfg)
    MDR_Port_WriteRegs                       0x20007103   Thumb Code    98  mdr_gpio_ve8x.o(i.MDR_Port_WriteRegs)
    MDR_SysTimerStart                        0x20007165   Thumb Code    18  mdr_systimer.o(i.MDR_SysTimerStart)
    MDR_SysTimerStop                         0x20007177   Thumb Code    18  mdr_systimer.o(i.MDR_SysTimerStop)
    SetNextClockItem                         0x20007189   Thumb Code   330  main.o(i.SetNextClockItem)
    ShowClearResult                          0x200072f9   Thumb Code     2  main.o(i.ShowClearResult)
    ShowSetItemResult                        0x200072fb   Thumb Code     2  main.o(i.ShowSetItemResult)
    SysTick_Handler                          0x200072fd   Thumb Code    82  main.o(i.SysTick_Handler)
    SystemCoreClockUpdate                    0x2000736d   Thumb Code   150  system_mdr1986ve8.o(i.SystemCoreClockUpdate)
    SystemInit                               0x20007415   Thumb Code    76  system_mdr1986ve8.o(i.SystemInit)
    TempToHSI                                0x20007471   Thumb Code    58  main.o(i.TempToHSI)
    TrySwitchToClock                         0x200074b5   Thumb Code    22  main.o(i.TrySwitchToClock)
    UpdateNewClockToDrivers                  0x200074cd   Thumb Code    88  main.o(i.UpdateNewClockToDrivers)
    WaitCondition                            0x2000753d   Thumb Code    26  mdr_funcs.o(i.WaitCondition)
    main                                     0x20007581   Thumb Code   170  main.o(i.main)
    __aeabi_ddiv                             0x20007649   Thumb Code     0  ddiv.o(x$fpl$ddiv)
    _ddiv                                    0x20007649   Thumb Code   552  ddiv.o(x$fpl$ddiv)
    __aeabi_d2uiz                            0x200078f9   Thumb Code     0  dfixu.o(x$fpl$dfixu)
    _dfixu                                   0x200078f9   Thumb Code    90  dfixu.o(x$fpl$dfixu)
    __aeabi_ui2d                             0x20007953   Thumb Code     0  dflt_clz.o(x$fpl$dfltu)
    _dfltu                                   0x20007953   Thumb Code    38  dflt_clz.o(x$fpl$dfltu)
    __aeabi_dmul                             0x20007979   Thumb Code     0  dmul.o(x$fpl$dmul)
    _dmul                                    0x20007979   Thumb Code   332  dmul.o(x$fpl$dmul)
    __fpl_dnaninf                            0x20007acd   Thumb Code   156  dnaninf.o(x$fpl$dnaninf)
    __fpl_dretinf                            0x20007b69   Thumb Code    12  dretinf.o(x$fpl$dretinf)
    _fp_init                                 0x20007b75   Thumb Code    10  fpinit.o(x$fpl$fpinit)
    __fplib_config_fpu_vfp                   0x20007b7d   Thumb Code     0  fpinit.o(x$fpl$fpinit)
    __fplib_config_pureend_doubles           0x20007b7d   Thumb Code     0  fpinit.o(x$fpl$fpinit)
    __I$use$fp                               0x20007b7e   Number         0  usenofp.o(x$fpl$usenofp)
    GPIO_A_Port                              0x20007bdc   Data          12  mdr_gpio_ve8x.o(.constdata)
    GPIO_B_Port                              0x20007be8   Data          12  mdr_gpio_ve8x.o(.constdata)
    GPIO_C_Port                              0x20007bf4   Data          12  mdr_gpio_ve8x.o(.constdata)
    GPIO_D_Port                              0x20007c00   Data          12  mdr_gpio_ve8x.o(.constdata)
    GPIO_E_Port                              0x20007c0c   Data          12  mdr_gpio_ve8x.o(.constdata)
    Region$$Table$$Base                      0x20007c28   Number         0  anon$$obj.o(Region$$Table)
    Region$$Table$$Limit                     0x20007c38   Number         0  anon$$obj.o(Region$$Table)



==============================================================================

Memory Map of the image

  Image Entry point : 0x2000622d

  Load Region LR_IROM1 (Base: 0x20006000, Size: 0x00001f8c, Max: 0x00002000, ABSOLUTE, COMPRESSED[0x00001d4c])

    Execution Region RW_IRAM1 (Base: 0x20000000, Size: 0x000023b8, Max: 0x00006000, ABSOLUTE, UNINIT, COMPRESSED[0x00000114])

    Base Addr    Size         Type   Attr      Idx    E Section Name        Object

    0x20000000   0x00000034   Data   RW           13    .data               main.o
    0x20000034   0x00000300   Data   RW          196    .data               clockitems.o
    0x20000334   0x00000014   Data   RW          239    .data               mdrb_buttons.o
    0x20000348   0x00000004   Data   RW          416    .data               system_mdr1986ve8.o
    0x2000034c   0x00000008   Data   RW          743    .data               mdr_rst_clock_ve8x.o
    0x20000354   0x00000060   Zero   RW          960    .bss                c_w.l(libspace.o)
    0x200003b4   0x00000004   PAD
    0x200003b8   0x00001000   Zero   RW          404    HEAP                startup_mdr1986ve8.o
    0x200013b8   0x00001000   Zero   RW          403    STACK               startup_mdr1986ve8.o


    Execution Region ER_IROM1 (Base: 0x20006000, Size: 0x00001c38, Max: 0x00002000, ABSOLUTE)

    Base Addr    Size         Type   Attr      Idx    E Section Name        Object

    0x20006000   0x0000022c   Data   RO          405    RESET               startup_mdr1986ve8.o
    0x2000622c   0x00000008   Code   RO          904  * !!!main             c_w.l(__main.o)
    0x20006234   0x00000034   Code   RO         1090    !!!scatter          c_w.l(__scatter.o)
    0x20006268   0x0000005a   Code   RO         1088    !!dczerorl2         c_w.l(__dczerorl2.o)
    0x200062c2   0x00000002   Code   RO          958    .ARM.Collect$$libinit$$00000000  c_w.l(libinit.o)
    0x200062c4   0x00000004   Code   RO          964    .ARM.Collect$$libinit$$00000001  c_w.l(libinit2.o)
    0x200062c8   0x00000000   Code   RO          967    .ARM.Collect$$libinit$$00000004  c_w.l(libinit2.o)
    0x200062c8   0x00000000   Code   RO          970    .ARM.Collect$$libinit$$0000000A  c_w.l(libinit2.o)
    0x200062c8   0x00000000   Code   RO          972    .ARM.Collect$$libinit$$0000000C  c_w.l(libinit2.o)
    0x200062c8   0x00000000   Code   RO          974    .ARM.Collect$$libinit$$0000000E  c_w.l(libinit2.o)
    0x200062c8   0x00000000   Code   RO          977    .ARM.Collect$$libinit$$00000011  c_w.l(libinit2.o)
    0x200062c8   0x00000000   Code   RO          979    .ARM.Collect$$libinit$$00000013  c_w.l(libinit2.o)
    0x200062c8   0x00000000   Code   RO          981    .ARM.Collect$$libinit$$00000015  c_w.l(libinit2.o)
    0x200062c8   0x00000000   Code   RO          983    .ARM.Collect$$libinit$$00000017  c_w.l(libinit2.o)
    0x200062c8   0x00000000   Code   RO          985    .ARM.Collect$$libinit$$00000019  c_w.l(libinit2.o)
    0x200062c8   0x00000000   Code   RO          987    .ARM.Collect$$libinit$$0000001B  c_w.l(libinit2.o)
    0x200062c8   0x00000000   Code   RO          989    .ARM.Collect$$libinit$$0000001D  c_w.l(libinit2.o)
    0x200062c8   0x00000000   Code   RO          991    .ARM.Collect$$libinit$$0000001F  c_w.l(libinit2.o)
    0x200062c8   0x00000000   Code   RO          993    .ARM.Collect$$libinit$$00000021  c_w.l(libinit2.o)
    0x200062c8   0x00000000   Code   RO          995    .ARM.Collect$$libinit$$00000023  c_w.l(libinit2.o)
    0x200062c8   0x00000000   Code   RO          997    .ARM.Collect$$libinit$$00000025  c_w.l(libinit2.o)
    0x200062c8   0x00000000   Code   RO         1001    .ARM.Collect$$libinit$$0000002C  c_w.l(libinit2.o)
    0x200062c8   0x00000000   Code   RO         1003    .ARM.Collect$$libinit$$0000002E  c_w.l(libinit2.o)
    0x200062c8   0x00000000   Code   RO         1005    .ARM.Collect$$libinit$$00000030  c_w.l(libinit2.o)
    0x200062c8   0x00000000   Code   RO         1007    .ARM.Collect$$libinit$$00000032  c_w.l(libinit2.o)
    0x200062c8   0x00000002   Code   RO         1008    .ARM.Collect$$libinit$$00000033  c_w.l(libinit2.o)
    0x200062ca   0x00000002   Code   RO         1028    .ARM.Collect$$libshutdown$$00000000  c_w.l(libshutdown.o)
    0x200062cc   0x00000000   Code   RO         1041    .ARM.Collect$$libshutdown$$00000002  c_w.l(libshutdown2.o)
    0x200062cc   0x00000000   Code   RO         1043    .ARM.Collect$$libshutdown$$00000004  c_w.l(libshutdown2.o)
    0x200062cc   0x00000000   Code   RO         1046    .ARM.Collect$$libshutdown$$00000007  c_w.l(libshutdown2.o)
    0x200062cc   0x00000000   Code   RO         1049    .ARM.Collect$$libshutdown$$0000000A  c_w.l(libshutdown2.o)
    0x200062cc   0x00000000   Code   RO         1051    .ARM.Collect$$libshutdown$$0000000C  c_w.l(libshutdown2.o)
    0x200062cc   0x00000000   Code   RO         1054    .ARM.Collect$$libshutdown$$0000000F  c_w.l(libshutdown2.o)
    0x200062cc   0x00000002   Code   RO         1055    .ARM.Collect$$libshutdown$$00000010  c_w.l(libshutdown2.o)
    0x200062ce   0x00000000   Code   RO          924    .ARM.Collect$$rtentry$$00000000  c_w.l(__rtentry.o)
    0x200062ce   0x00000000   Code   RO          933    .ARM.Collect$$rtentry$$00000002  c_w.l(__rtentry2.o)
    0x200062ce   0x00000006   Code   RO          945    .ARM.Collect$$rtentry$$00000004  c_w.l(__rtentry4.o)
    0x200062d4   0x00000000   Code   RO          935    .ARM.Collect$$rtentry$$00000009  c_w.l(__rtentry2.o)
    0x200062d4   0x00000004   Code   RO          936    .ARM.Collect$$rtentry$$0000000A  c_w.l(__rtentry2.o)
    0x200062d8   0x00000000   Code   RO          938    .ARM.Collect$$rtentry$$0000000C  c_w.l(__rtentry2.o)
    0x200062d8   0x00000008   Code   RO          939    .ARM.Collect$$rtentry$$0000000D  c_w.l(__rtentry2.o)
    0x200062e0   0x00000002   Code   RO          962    .ARM.Collect$$rtexit$$00000000  c_w.l(rtexit.o)
    0x200062e2   0x00000000   Code   RO         1010    .ARM.Collect$$rtexit$$00000002  c_w.l(rtexit2.o)
    0x200062e2   0x00000004   Code   RO         1011    .ARM.Collect$$rtexit$$00000003  c_w.l(rtexit2.o)
    0x200062e6   0x00000006   Code   RO         1012    .ARM.Collect$$rtexit$$00000004  c_w.l(rtexit2.o)
    0x200062ec   0x000000e4   Code   RO          406    .text               startup_mdr1986ve8.o
    0x200063d0   0x00000006   Code   RO          902    .text               c_w.l(heapauxi.o)
    0x200063d6   0x0000004a   Code   RO          949    .text               c_w.l(sys_stackheap_outer.o)
    0x20006420   0x00000012   Code   RO          951    .text               c_w.l(exit.o)
    0x20006432   0x00000002   PAD
    0x20006434   0x00000008   Code   RO          959    .text               c_w.l(libspace.o)
    0x2000643c   0x0000000c   Code   RO         1020    .text               c_w.l(sys_exit.o)
    0x20006448   0x00000002   Code   RO         1031    .text               c_w.l(use_no_semi.o)
    0x2000644a   0x00000000   Code   RO         1033    .text               c_w.l(indicate_semi.o)
    0x2000644a   0x00000002   PAD
    0x2000644c   0x00000040   Code   RO          714    i.BKP_REG63x_ClrSet  mdr_rst_clock_ve8x.o
    0x2000648c   0x0000001c   Code   RO          715    i.BKP_REG63x_Get    mdr_rst_clock_ve8x.o
    0x200064a8   0x0000002c   Code   RO          716    i.BKP_REG63x_Set    mdr_rst_clock_ve8x.o
    0x200064d4   0x00000184   Code   RO          195    i.ChangeClockCPU    clockitems.o
    0x20006658   0x00000034   Code   RO          489    i.IO_ToCfg          mdr_gpio_ve8x.o
    0x2000668c   0x0000000c   Code   RO          232    i.MDRB_Buttons_ChangeDebounceTick  mdrb_buttons.o
    0x20006698   0x00000040   Code   RO          233    i.MDRB_Buttons_InitTick  mdrb_buttons.o
    0x200066d8   0x00000026   Code   RO          234    i.MDRB_IsKeyClicked  mdrb_buttons.o
    0x200066fe   0x00000002   PAD
    0x20006700   0x00000040   Code   RO          235    i.MDRB_IsKeyPushed  mdrb_buttons.o
    0x20006740   0x00000038   Code   RO          236    i.MDRB_IsKeyPushedEx  mdrb_buttons.o
    0x20006778   0x0000003c   Code   RO          318    i.MDRB_LED_Init     mdrb_leds.o
    0x200067b4   0x00000024   Code   RO          319    i.MDRB_LED_NumToSel  mdrb_leds.o
    0x200067d8   0x00000024   Code   RO          320    i.MDRB_LED_Set      mdrb_leds.o
    0x200067fc   0x00000014   Code   RO          321    i.MDRB_LED_Toggle   mdrb_leds.o
    0x20006810   0x00000098   Code   RO          717    i.MDR_CLK_ApplyFreqSupport_LDO  mdr_rst_clock_ve8x.o
    0x200068a8   0x00000004   Code   RO          718    i.MDR_CLK_ApplyFreqSupport_OTP  mdr_rst_clock_ve8x.o
    0x200068ac   0x00000016   Code   RO          719    i.MDR_CLK_GetMAXCLK  mdr_rst_clock_ve8x.o
    0x200068c2   0x00000002   PAD
    0x200068c4   0x00000144   Code   RO          720    i.MDR_CLK_ResetBlock  mdr_rst_clock_ve8x.o
    0x20006a08   0x00000012   Code   RO          721    i.MDR_CPU_ApplyFreqSupport  mdr_rst_clock_ve8x.o
    0x20006a1a   0x00000002   PAD
    0x20006a1c   0x00000014   Code   RO          722    i.MDR_CPU_GetFreqHz  mdr_rst_clock_ve8x.o
    0x20006a30   0x00000038   Code   RO          723    i.MDR_CPU_SetClock_HSI  mdr_rst_clock_ve8x.o
    0x20006a68   0x00000064   Code   RO          724    i.MDR_CPU_SetClock_LSE  mdr_rst_clock_ve8x.o
    0x20006acc   0x00000040   Code   RO          725    i.MDR_CPU_SetClock_LSI  mdr_rst_clock_ve8x.o
    0x20006b0c   0x0000005c   Code   RO          726    i.MDR_CPU_SetClock_PLL_srcHSE  mdr_rst_clock_ve8x.o
    0x20006b68   0x0000005a   Code   RO          727    i.MDR_CPU_SetClock_PLL_srcHSI  mdr_rst_clock_ve8x.o
    0x20006bc2   0x00000046   Code   RO          728    i.MDR_CPU_SetClock_srcHSEx  mdr_rst_clock_ve8x.o
    0x20006c08   0x00000044   Code   RO          729    i.MDR_CPU_SetClock_srcMAXCLK  mdr_rst_clock_ve8x.o
    0x20006c4c   0x00000016   Code   RO          447    i.MDR_Delay         mdr_funcs.o
    0x20006c62   0x00000052   Code   RO          731    i.MDR_HSEx_EnableAndWaitReady  mdr_rst_clock_ve8x.o
    0x20006cb4   0x0000001c   Code   RO          732    i.MDR_HSEx_WaitReady  mdr_rst_clock_ve8x.o
    0x20006cd0   0x00000028   Code   RO          733    i.MDR_HSI_EnableAndWaitReady  mdr_rst_clock_ve8x.o
    0x20006cf8   0x0000000c   Code   RO          734    i.MDR_HSI_GetReady  mdr_rst_clock_ve8x.o
    0x20006d04   0x0000000c   Code   RO          735    i.MDR_LSE_GetReady  mdr_rst_clock_ve8x.o
    0x20006d10   0x0000000c   Code   RO          736    i.MDR_LSI_GetReady  mdr_rst_clock_ve8x.o
    0x20006d1c   0x0000000a   Code   RO          737    i.MDR_MaskClrSet    mdr_rst_clock_ve8x.o
    0x20006d26   0x00000002   PAD
    0x20006d28   0x00000044   Code   RO          738    i.MDR_PLLx_Enable   mdr_rst_clock_ve8x.o
    0x20006d6c   0x00000022   Code   RO          739    i.MDR_PLLx_EnableAndWaitReady  mdr_rst_clock_ve8x.o
    0x20006d8e   0x00000002   PAD
    0x20006d90   0x0000001c   Code   RO          740    i.MDR_PLLx_WaitReady  mdr_rst_clock_ve8x.o
    0x20006dac   0x00000004   Code   RO          322    i.MDR_Port_ClearPins  mdrb_leds.o
    0x20006db0   0x00000012   Code   RO          490    i.MDR_Port_Clear_ClearCfg  mdr_gpio_ve8x.o
    0x20006dc2   0x0000001c   Code   RO          491    i.MDR_Port_Clear_SetCfg  mdr_gpio_ve8x.o
    0x20006dde   0x00000014   Code   RO          237    i.MDR_Port_GetMaskClr  mdrb_buttons.o
    0x20006df2   0x0000002c   Code   RO          493    i.MDR_Port_Init     mdr_gpio_ve8x.o
    0x20006e1e   0x0000002a   Code   RO          495    i.MDR_Port_InitDig  mdr_gpio_ve8x.o
    0x20006e48   0x0000001a   Code   RO          499    i.MDR_Port_InitDigPort  mdr_gpio_ve8x.o
    0x20006e62   0x00000002   PAD
    0x20006e64   0x00000020   Code   RO          504    i.MDR_Port_Init_PortIN  mdr_gpio_ve8x.o
    0x20006e84   0x00000024   Code   RO          505    i.MDR_Port_Init_PortOUT  mdr_gpio_ve8x.o
    0x20006ea8   0x00000214   Code   RO          508    i.MDR_Port_MaskAddCfg  mdr_gpio_ve8x.o
    0x200070bc   0x00000014   Code   RO          510    i.MDR_Port_MaskApply  mdr_gpio_ve8x.o
    0x200070d0   0x00000004   Code   RO          323    i.MDR_Port_SetPins  mdrb_leds.o
    0x200070d4   0x0000002e   Code   RO          515    i.MDR_Port_ToPinCfg  mdr_gpio_ve8x.o
    0x20007102   0x00000062   Code   RO          516    i.MDR_Port_WriteRegs  mdr_gpio_ve8x.o
    0x20007164   0x00000012   Code   RO          678    i.MDR_SysTimerStart  mdr_systimer.o
    0x20007176   0x00000012   Code   RO          680    i.MDR_SysTimerStop  mdr_systimer.o
    0x20007188   0x00000170   Code   RO            4    i.SetNextClockItem  main.o
    0x200072f8   0x00000002   Code   RO            5    i.ShowClearResult   main.o
    0x200072fa   0x00000002   Code   RO            6    i.ShowSetItemResult  main.o
    0x200072fc   0x00000070   Code   RO            7    i.SysTick_Handler   main.o
    0x2000736c   0x000000a8   Code   RO          413    i.SystemCoreClockUpdate  system_mdr1986ve8.o
    0x20007414   0x0000005c   Code   RO          414    i.SystemInit        system_mdr1986ve8.o
    0x20007470   0x00000044   Code   RO            8    i.TempToHSI         main.o
    0x200074b4   0x00000016   Code   RO            9    i.TrySwitchToClock  main.o
    0x200074ca   0x00000002   PAD
    0x200074cc   0x00000070   Code   RO           10    i.UpdateNewClockToDrivers  main.o
    0x2000753c   0x0000001a   Code   RO          451    i.WaitCondition     mdr_funcs.o
    0x20007556   0x00000002   PAD
    0x20007558   0x00000014   Code   RO          741    i._HSEx_GetReady_Local  mdr_rst_clock_ve8x.o
    0x2000756c   0x00000014   Code   RO          742    i._PLLx_GetReady_Local  mdr_rst_clock_ve8x.o
    0x20007580   0x000000c8   Code   RO           11    i.main              main.o
    0x20007648   0x000002b0   Code   RO          907    x$fpl$ddiv          fz_wm.l(ddiv.o)
    0x200078f8   0x0000005a   Code   RO          910    x$fpl$dfixu         fz_wm.l(dfixu.o)
    0x20007952   0x00000026   Code   RO          914    x$fpl$dfltu         fz_wm.l(dflt_clz.o)
    0x20007978   0x00000154   Code   RO          920    x$fpl$dmul          fz_wm.l(dmul.o)
    0x20007acc   0x0000009c   Code   RO          927    x$fpl$dnaninf       fz_wm.l(dnaninf.o)
    0x20007b68   0x0000000c   Code   RO          929    x$fpl$dretinf       fz_wm.l(dretinf.o)
    0x20007b74   0x0000000a   Code   RO         1018    x$fpl$fpinit        fz_wm.l(fpinit.o)
    0x20007b7e   0x00000000   Code   RO          931    x$fpl$usenofp       fz_wm.l(usenofp.o)
    0x20007b7e   0x00000002   PAD
    0x20007b80   0x0000000e   Data   RO           12    .constdata          main.o
    0x20007b8e   0x00000002   PAD
    0x20007b90   0x0000000c   Data   RO          238    .constdata          mdrb_buttons.o
    0x20007b9c   0x00000020   Data   RO          324    .constdata          mdrb_leds.o
    0x20007bbc   0x00000020   Data   RO          415    .constdata          system_mdr1986ve8.o
    0x20007bdc   0x0000004b   Data   RO          517    .constdata          mdr_gpio_ve8x.o
    0x20007c27   0x00000001   PAD
    0x20007c28   0x00000010   Data   RO         1086    Region$$Table       anon$$obj.o


==============================================================================

Image component sizes


      Code (inc. data)   RO Data    RW Data    ZI Data      Debug   Object Name

       388         12          0        768          0      13092   clockitems.o
       886        132         14         52          0      68998   main.o
        48          0          0          0          0       3088   mdr_funcs.o
       974         10         75          0          0      15010   mdr_gpio_ve8x.o
      1582         82          0          8          0      31757   mdr_rst_clock_ve8x.o
        36          0          0          0          0       1075   mdr_systimer.o
       254         32         12         20          0      10412   mdrb_buttons.o
       160         24         32          0          0       9867   mdrb_leds.o
       228         30        556          0       8192       4104   startup_mdr1986ve8.o
       260         34         32          4          0       2303   system_mdr1986ve8.o

    ----------------------------------------------------------------------
      4832        356        740        852       8192     159706   Object Totals
         0          0         16          0          0          0   (incl. Generated)
        16          0          3          0          0          0   (incl. Padding)

    ----------------------------------------------------------------------

      Code (inc. data)   RO Data    RW Data    ZI Data      Debug   Library Member Name

        90          0          0          0          0          0   __dczerorl2.o
         8          0          0          0          0         68   __main.o
         0          0          0          0          0          0   __rtentry.o
        12          0          0          0          0          0   __rtentry2.o
         6          0          0          0          0          0   __rtentry4.o
        52          8          0          0          0          0   __scatter.o
        18          0          0          0          0         80   exit.o
         6          0          0          0          0        152   heapauxi.o
         0          0          0          0          0          0   indicate_semi.o
         2          0          0          0          0          0   libinit.o
         6          0          0          0          0          0   libinit2.o
         2          0          0          0          0          0   libshutdown.o
         2          0          0          0          0          0   libshutdown2.o
         8          4          0          0         96         68   libspace.o
         2          0          0          0          0          0   rtexit.o
        10          0          0          0          0          0   rtexit2.o
        12          4          0          0          0         68   sys_exit.o
        74          0          0          0          0         80   sys_stackheap_outer.o
         2          0          0          0          0         68   use_no_semi.o
       688        140          0          0          0        256   ddiv.o
        90          4          0          0          0        140   dfixu.o
        38          0          0          0          0        116   dflt_clz.o
       340         12          0          0          0        152   dmul.o
       156          4          0          0          0        140   dnaninf.o
        12          0          0          0          0        116   dretinf.o
        10          0          0          0          0        116   fpinit.o
         0          0          0          0          0          0   usenofp.o

    ----------------------------------------------------------------------
      1652        176          0          0        100       1620   Library Totals
         6          0          0          0          4          0   (incl. Padding)

    ----------------------------------------------------------------------

      Code (inc. data)   RO Data    RW Data    ZI Data      Debug   Library Name

       312         16          0          0         96        584   c_w.l
      1334        160          0          0          0       1036   fz_wm.l

    ----------------------------------------------------------------------
      1652        176          0          0        100       1620   Library Totals

    ----------------------------------------------------------------------

==============================================================================


      Code (inc. data)   RO Data    RW Data    ZI Data      Debug   

      6484        532        740        852       8292     154402   Grand Totals
      6484        532        740        276       8292     154402   ELF Image Totals (compressed)
      6484        532        740        276          0          0   ROM Totals

==============================================================================

    Total RO  Size (Code + RO Data)                 7224 (   7.05kB)
    Total RW  Size (RW Data + ZI Data)              9144 (   8.93kB)
    Total ROM Size (Code + RO Data + RW Data)       7500 (   7.32kB)

==============================================================================

