<html>
<body>
<pre>
<h1>µVision Build Log</h1>
<h2>Tool Versions:</h2>
IDE-Version: µVision V5.23.0.0
Copyright (C) 2017 ARM Ltd and ARM Germany GmbH. All rights reserved.
License Information: Test Test, User, LIC=BL2BS-LLCNM-RFWIZ-J6ADP-U3XT8-5UMF5
 
Tool Versions:
Toolchain:       MDK-ARM Professional  Version: 5.23
Toolchain Path:  C:\Keil_v5\ARM\ARMCC\Bin
C Compiler:      Armcc.exe V5.06 update 4 (build 422)
Assembler:       Armasm.exe V5.06 update 4 (build 422)
Linker/Locator:  ArmLink.exe V5.06 update 4 (build 422)
Library Manager: ArmAr.exe V5.06 update 4 (build 422)
Hex Converter:   FromElf.exe V5.06 update 4 (build 422)
CPU DLL:         SARMCM3.DLL V5.23
Dialog DLL:      DCM.DLL V1.15.0.0
Target DLL:      Segger\JL2CM3.dll V2.99.23.0
Dialog DLL:      TCM.DLL V1.27.0.0
 
<h2>Project:</h2>
C:\CODE\PACK\MDR_Pack\PACK_Gen\Files\Examples\All_Boards\ClockCPU\ClockCPU.uvprojx
Project File Date:  06/21/2019

<h2>Output:</h2>
*** Using Compiler 'V5.06 update 4 (build 422)', folder: 'C:\Keil_v5\ARM\ARMCC\Bin'
Rebuild target 'VE8'
compiling ClockItems.c...
compiling MDRB_Buttons.c...
compiling main.c...
compiling MDRB_LEDs.c...
assembling startup_MDR1986VE8.s...
compiling MDR_Funcs.c...
compiling MDR_SysTimer.c...
compiling MDR_RST_Clock_VE8x.c...
C:\Keil_v5\ARM\PACK\Milandr\MDR1986VExx\2.0x\SPL\Drivers\MDR_RST_Clock_VE8x.c(266): warning:  #940-D: missing return statement at end of non-void function "MDR_CLK_ApplyFreqSupport_OTP" 
    }
C:\Keil_v5\ARM\PACK\Milandr\MDR1986VExx\2.0x\SPL\Drivers\MDR_RST_Clock_VE8x.c: 1 warning, 0 errors
compiling system_MDR1986VE8.c...
compiling MDR_GPIO_VE8x.c...
linking...
Program Size: Code=6484 RO-data=740 RW-data=852 ZI-data=8292  
".\Objects\ClockCPU.axf" - 0 Error(s), 1 Warning(s).

<h2>Software Packages used:</h2>

Package Vendor: Keil
                http://www.keil.com/pack/Keil.MDK-Middleware.7.4.0.pack
                ::Board Support:LED:1.0.0 (API)
                Middleware for Keil MDK-Professional and MDK-Plus
   * Component: LED Version: 1.0.0
   * Component: Buttons Version: 1.0.0

Package Vendor: Milandr
                https://ic.milandr.ru/soft/Milandr.MDR1986VExx.2.0x.pack
                Milandr::Device:Startup:2.0
                Milandr MDR1986VExx Series Device Support, Drivers and Examples
   * Component: Startup Version: 2.0
   * Component: RST Clock Version: 2.0
   * Component: GPIO Port Version: 2.0
   * Component: SysTimer Version: 2.0
   * Component: UseFuncs Version: 2.0
   * Component: LED Version: 2.0
   * Component: Buttons Version: 2.0

<h2>Collection of Component include folders:</h2>
  .\RTE\Board_Support\MDR1986VE8
  .\RTE\Device\MDR1986VE8
  .\RTE\_VE8
  C:\Keil_v5\ARM\PACK\Keil\MDK-Middleware\7.4.0\Board
  C:\Keil_v5\ARM\PACK\Milandr\MDR1986VExx\2.0x\Keil\CMSIS_Core
  C:\Keil_v5\ARM\PACK\Milandr\MDR1986VExx\2.0x\SPL\Boards
  C:\Keil_v5\ARM\PACK\Milandr\MDR1986VExx\2.0x\SPL\Boards\Defines
  C:\Keil_v5\ARM\PACK\Milandr\MDR1986VExx\2.0x\SPL\Config
  C:\Keil_v5\ARM\PACK\Milandr\MDR1986VExx\2.0x\SPL\Devices\Defines
  C:\Keil_v5\ARM\PACK\Milandr\MDR1986VExx\2.0x\SPL\Devices\MDR1986VE8
  C:\Keil_v5\ARM\PACK\Milandr\MDR1986VExx\2.0x\SPL\Drivers

<h2>Collection of Component Files used:</h2>

   * Component: ::Board Support:LED:1.0.0 (API)
      Include file:  Board\Board_LED.h

   * Component: ::Board Support:Buttons:1.0.0 (API)
      Include file:  Board\Board_Buttons.h

   * Component: Milandr::Device:Startup:2.0
      Source file:   SPL\Devices\MDR1986VE8\startup_MDR1986VE8.s
      Source file:   SPL\Devices\MDR1986VE8\system_MDR1986VE8.c
      Include file:  SPL\Devices\MDR1986VE8\system_MDR1986VE8.h
      Include file:  SPL\Config\MDR_ConfigVE8.h

   * Component: Milandr::Drivers:RST Clock:2.0
      Include file:  SPL\Drivers\MDR_RST_Clock.h
      Source file:   SPL\Drivers\MDR_RST_Clock_VE8x.c

   * Component: Milandr::Drivers:GPIO Port:2.0
      Include file:  SPL\Drivers\MDR_GPIO.h
      Source file:   SPL\Drivers\MDR_GPIO_VE8x.c

   * Component: Milandr::Drivers:SysTimer:2.0
      Include file:  SPL\Drivers\MDR_SysTimer.h
      Source file:   SPL\Drivers\MDR_SysTimer.c

   * Component: Milandr::Drivers:UseFuncs:2.0
      Include file:  SPL\Drivers\MDR_Funcs.h
      Source file:   SPL\Drivers\MDR_Funcs.c

   * Component: Milandr::Board Support:LED:2.0
      Include file:  SPL\Boards\MDRB_LEDs.h
      Source file:   SPL\Boards\MDRB_LEDs.c
      Include file:  SPL\Config\MDRB_BoardSelect.h

   * Component: Milandr::Board Support:Buttons:2.0
      Include file:  SPL\Boards\MDRB_Buttons.h
      Source file:   SPL\Boards\MDRB_Buttons.c
      Include file:  SPL\Config\MDRB_BoardSelect.h
Build Time Elapsed:  00:00:02
</pre>
</body>
</html>
